Archive member included to satisfy reference by file (symbol)

/usr/lib/gcc/arm-none-eabi/12.2.1/../../../arm-none-eabi/lib/thumb/v7-m/nofp/libc_nano.a(lib_a-atexit.o)
                              /usr/lib/gcc/arm-none-eabi/12.2.1/../../../arm-none-eabi/lib/thumb/v7-m/nofp/crt0.o (atexit)
/usr/lib/gcc/arm-none-eabi/12.2.1/../../../arm-none-eabi/lib/thumb/v7-m/nofp/libc_nano.a(lib_a-errno.o)
                              build/sysmem.o (__errno)
/usr/lib/gcc/arm-none-eabi/12.2.1/../../../arm-none-eabi/lib/thumb/v7-m/nofp/libc_nano.a(lib_a-exit.o)
                              /usr/lib/gcc/arm-none-eabi/12.2.1/../../../arm-none-eabi/lib/thumb/v7-m/nofp/crt0.o (exit)
/usr/lib/gcc/arm-none-eabi/12.2.1/../../../arm-none-eabi/lib/thumb/v7-m/nofp/libc_nano.a(lib_a-fini.o)
                              /usr/lib/gcc/arm-none-eabi/12.2.1/../../../arm-none-eabi/lib/thumb/v7-m/nofp/crt0.o (__libc_fini_array)
/usr/lib/gcc/arm-none-eabi/12.2.1/../../../arm-none-eabi/lib/thumb/v7-m/nofp/libc_nano.a(lib_a-impure.o)
                              /usr/lib/gcc/arm-none-eabi/12.2.1/../../../arm-none-eabi/lib/thumb/v7-m/nofp/libc_nano.a(lib_a-exit.o) (_global_impure_ptr)
/usr/lib/gcc/arm-none-eabi/12.2.1/../../../arm-none-eabi/lib/thumb/v7-m/nofp/libc_nano.a(lib_a-init.o)
                              /usr/lib/gcc/arm-none-eabi/12.2.1/../../../arm-none-eabi/lib/thumb/v7-m/nofp/crt0.o (__libc_init_array)
/usr/lib/gcc/arm-none-eabi/12.2.1/../../../arm-none-eabi/lib/thumb/v7-m/nofp/libc_nano.a(lib_a-memset.o)
                              /usr/lib/gcc/arm-none-eabi/12.2.1/../../../arm-none-eabi/lib/thumb/v7-m/nofp/crt0.o (memset)
/usr/lib/gcc/arm-none-eabi/12.2.1/../../../arm-none-eabi/lib/thumb/v7-m/nofp/libc_nano.a(lib_a-sprintf.o)
                              build/main.o (sprintf)
/usr/lib/gcc/arm-none-eabi/12.2.1/../../../arm-none-eabi/lib/thumb/v7-m/nofp/libc_nano.a(lib_a-strlen-stub.o)
                              build/main.o (strlen)
/usr/lib/gcc/arm-none-eabi/12.2.1/../../../arm-none-eabi/lib/thumb/v7-m/nofp/libc_nano.a(lib_a-__atexit.o)
                              /usr/lib/gcc/arm-none-eabi/12.2.1/../../../arm-none-eabi/lib/thumb/v7-m/nofp/libc_nano.a(lib_a-atexit.o) (__register_exitproc)
/usr/lib/gcc/arm-none-eabi/12.2.1/../../../arm-none-eabi/lib/thumb/v7-m/nofp/libc_nano.a(lib_a-__call_atexit.o)
                              /usr/lib/gcc/arm-none-eabi/12.2.1/../../../arm-none-eabi/lib/thumb/v7-m/nofp/libc_nano.a(lib_a-__atexit.o) (__call_exitprocs)
/usr/lib/gcc/arm-none-eabi/12.2.1/../../../arm-none-eabi/lib/thumb/v7-m/nofp/libc_nano.a(lib_a-nano-svfprintf.o)
                              /usr/lib/gcc/arm-none-eabi/12.2.1/../../../arm-none-eabi/lib/thumb/v7-m/nofp/libc_nano.a(lib_a-sprintf.o) (_svfprintf_r)
/usr/lib/gcc/arm-none-eabi/12.2.1/../../../arm-none-eabi/lib/thumb/v7-m/nofp/libc_nano.a(lib_a-nano-vfprintf_i.o)
                              /usr/lib/gcc/arm-none-eabi/12.2.1/../../../arm-none-eabi/lib/thumb/v7-m/nofp/libc_nano.a(lib_a-nano-svfprintf.o) (_printf_i)
/usr/lib/gcc/arm-none-eabi/12.2.1/../../../arm-none-eabi/lib/thumb/v7-m/nofp/libc_nano.a(lib_a-memchr-stub.o)
                              /usr/lib/gcc/arm-none-eabi/12.2.1/../../../arm-none-eabi/lib/thumb/v7-m/nofp/libc_nano.a(lib_a-nano-svfprintf.o) (memchr)
/usr/lib/gcc/arm-none-eabi/12.2.1/../../../arm-none-eabi/lib/thumb/v7-m/nofp/libc_nano.a(lib_a-memcpy.o)
                              /usr/lib/gcc/arm-none-eabi/12.2.1/../../../arm-none-eabi/lib/thumb/v7-m/nofp/libc_nano.a(lib_a-nano-svfprintf.o) (memcpy)
/usr/lib/gcc/arm-none-eabi/12.2.1/../../../arm-none-eabi/lib/thumb/v7-m/nofp/libc_nano.a(lib_a-memmove.o)
                              /usr/lib/gcc/arm-none-eabi/12.2.1/../../../arm-none-eabi/lib/thumb/v7-m/nofp/libc_nano.a(lib_a-nano-svfprintf.o) (memmove)
/usr/lib/gcc/arm-none-eabi/12.2.1/../../../arm-none-eabi/lib/thumb/v7-m/nofp/libc_nano.a(lib_a-nano-freer.o)
                              /usr/lib/gcc/arm-none-eabi/12.2.1/../../../arm-none-eabi/lib/thumb/v7-m/nofp/libc_nano.a(lib_a-nano-svfprintf.o) (_free_r)
/usr/lib/gcc/arm-none-eabi/12.2.1/../../../arm-none-eabi/lib/thumb/v7-m/nofp/libc_nano.a(lib_a-nano-mallocr.o)
                              /usr/lib/gcc/arm-none-eabi/12.2.1/../../../arm-none-eabi/lib/thumb/v7-m/nofp/libc_nano.a(lib_a-nano-svfprintf.o) (_malloc_r)
/usr/lib/gcc/arm-none-eabi/12.2.1/../../../arm-none-eabi/lib/thumb/v7-m/nofp/libc_nano.a(lib_a-nano-reallocr.o)
                              /usr/lib/gcc/arm-none-eabi/12.2.1/../../../arm-none-eabi/lib/thumb/v7-m/nofp/libc_nano.a(lib_a-nano-svfprintf.o) (_realloc_r)
/usr/lib/gcc/arm-none-eabi/12.2.1/../../../arm-none-eabi/lib/thumb/v7-m/nofp/libc_nano.a(lib_a-sbrkr.o)
                              /usr/lib/gcc/arm-none-eabi/12.2.1/../../../arm-none-eabi/lib/thumb/v7-m/nofp/libc_nano.a(lib_a-nano-mallocr.o) (_sbrk_r)
/usr/lib/gcc/arm-none-eabi/12.2.1/../../../arm-none-eabi/lib/thumb/v7-m/nofp/libc_nano.a(lib_a-mlock.o)
[...]
Memory Configuration

Name             Origin             Length             Attributes
RAM              0x0000000020000000 0x0000000000005000 xrw
FLASH            0x0000000008000000 0x0000000000010000 xr
*default*        0x0000000000000000 0xffffffffffffffff

Linker script and memory map

LOAD /usr/lib/gcc/arm-none-eabi/12.2.1/thumb/v7-m/nofp/crti.o
LOAD /usr/lib/gcc/arm-none-eabi/12.2.1/thumb/v7-m/nofp/crtbegin.o
LOAD /usr/lib/gcc/arm-none-eabi/12.2.1/../../../arm-none-eabi/lib/thumb/v7-m/nofp/crt0.o
LOAD build/main.o
LOAD build/gpio.o
LOAD build/stm32f1xx_it.o
LOAD build/stm32f1xx_hal_msp.o
LOAD build/stm32f1xx_hal_gpio_ex.o
LOAD build/stm32f1xx_hal_tim.o
LOAD build/stm32f1xx_hal_tim_ex.o
LOAD build/stm32f1xx_hal.o
LOAD build/stm32f1xx_hal_rcc.o
LOAD build/stm32f1xx_hal_rcc_ex.o
LOAD build/stm32f1xx_hal_gpio.o
LOAD build/stm32f1xx_hal_dma.o
LOAD build/stm32f1xx_hal_cortex.o
LOAD build/stm32f1xx_hal_pwr.o
LOAD build/stm32f1xx_hal_flash.o
LOAD build/stm32f1xx_hal_flash_ex.o
LOAD build/stm32f1xx_hal_exti.o
LOAD build/system_stm32f1xx.o
LOAD build/sysmem.o
LOAD build/syscalls.o
LOAD build/usart.o
LOAD build/stm32f1xx_hal_uart.o
LOAD build/adc.o
LOAD build/i2c.o
LOAD build/tim.o
LOAD build/stm32f1xx_hal_adc.o
LOAD build/stm32f1xx_hal_adc_ex.o
LOAD build/stm32f1xx_hal_i2c.o
LOAD build/hc-sr04.o
LOAD build/startup_stm32f103xb.o
LOAD /usr/lib/gcc/arm-none-eabi/12.2.1/../../../arm-none-eabi/lib/thumb/v7-m/nofp/libc_nano.a
LOAD /usr/lib/gcc/arm-none-eabi/12.2.1/../../../arm-none-eabi/lib/thumb/v7-m/nofp/libm.a
LOAD /usr/lib/gcc/arm-none-eabi/12.2.1/../../../arm-none-eabi/lib/thumb/v7-m/nofp/libnosys.a
START GROUP
LOAD /usr/lib/gcc/arm-none-eabi/12.2.1/thumb/v7-m/nofp/libgcc.a
LOAD /usr/lib/gcc/arm-none-eabi/12.2.1/../../../arm-none-eabi/lib/thumb/v7-m/nofp/libc_nano.a
END GROUP
START GROUP
LOAD /usr/lib/gcc/arm-none-eabi/12.2.1/thumb/v7-m/nofp/libgcc.a
LOAD /usr/lib/gcc/arm-none-eabi/12.2.1/../../../arm-none-eabi/lib/thumb/v7-m/nofp/libc_nano.a
END GROUP
LOAD /usr/lib/gcc/arm-none-eabi/12.2.1/thumb/v7-m/nofp/crtend.o
LOAD /usr/lib/gcc/arm-none-eabi/12.2.1/thumb/v7-m/nofp/crtn.o
                0x0000000020005000                _estack = (ORIGIN (RAM) + LENGTH (RAM))
                0x0000000000000200                _Min_Heap_Size = 0x200
                0x0000000000000400                _Min_Stack_Size = 0x400

.isr_vector     0x0000000008000000      0x10c
                0x0000000008000000                . = ALIGN (0x4)
 *(.isr_vector)
 .isr_vector    0x0000000008000000      0x10c build/startup_stm32f103xb.o
                0x0000000008000000                g_pfnVectors
                0x000000000800010c                . = ALIGN (0x4)

.text           0x0000000008000110     0x3530
                0x0000000008000110                . = ALIGN (0x4)
 *(.text)
 .text          0x0000000008000110       0x88 /usr/lib/gcc/arm-none-eabi/12.2.1/thumb/v7-m/nofp/crtbegin.o
 .text          0x0000000008000198        0xc /usr/lib/gcc/arm-none-eabi/12.2.1/../../../arm-none-eabi/lib/thumb/v7-m/nofp/libc_nano.a(lib_a-errno.o)
                0x0000000008000198                __errno
 .text          0x00000000080001a4       0x48 /usr/lib/gcc/arm-none-eabi/12.2.1/../../../arm-none-eabi/lib/thumb/v7-m/nofp/libc_nano.a(lib_a-init.o)
                0x00000000080001a4                __libc_init_array
 .text          0x00000000080001ec       0xa4 /usr/lib/gcc/arm-none-eabi/12.2.1/../../../arm-none-eabi/lib/thumb/v7-m/nofp/libc_nano.a(lib_a-memset.o)
                0x00000000080001ec                memset
 .text          0x0000000008000290       0x80 /usr/lib/gcc/arm-none-eabi/12.2.1/../../../arm-none-eabi/lib/thumb/v7-m/nofp/libc_nano.a(lib_a-sprintf.o)
                0x0000000008000290                _siprintf_r
                0x0000000008000290                _sprintf_r
                0x00000000080002cc                sprintf
                0x00000000080002cc                siprintf
 .text          0x0000000008000310       0x5c /usr/lib/gcc/arm-none-eabi/12.2.1/../../../arm-none-eabi/lib/thumb/v7-m/nofp/libc_nano.a(lib_a-strlen-stub.o)
                0x0000000008000310                strlen
 .text          0x000000000800036c      0x3f4 /usr/lib/gcc/arm-none-eabi/12.2.1/../../../arm-none-eabi/lib/thumb/v7-m/nofp/libc_nano.a(lib_a-nano-svfprintf.o)
                0x000000000800036c                __ssputs_r
                0x0000000008000430                __ssprint_r
                0x000000000800052c                _svfprintf_r
                0x000000000800052c                _svfiprintf_r
 .text          0x0000000008000760      0x3d8 /usr/lib/gcc/arm-none-eabi/12.2.1/../../../arm-none-eabi/lib/thumb/v7-m/nofp/libc_nano.a(lib_a-nano-vfprintf_i.o)
                0x0000000008000760                _printf_common
                0x000000000800088c                _printf_i
 .text          0x0000000008000b38       0x90 /usr/lib/gcc/arm-none-eabi/12.2.1/../../../arm-none-eabi/lib/thumb/v7-m/nofp/libc_nano.a(lib_a-memchr-stub.o)
                0x0000000008000b38                memchr
 .text          0x0000000008000bc8       0xec /usr/lib/gcc/arm-none-eabi/12.2.1/../../../arm-none-eabi/lib/thumb/v7-m/nofp/libc_nano.a(lib_a-memcpy.o)
                0x0000000008000bc8                memcpy
 .text          0x0000000008000cb4       0xf8 /usr/lib/gcc/arm-none-eabi/12.2.1/../../../arm-none-eabi/lib/thumb/v7-m/nofp/libc_nano.a(lib_a-memmove.o)
                0x0000000008000cb4                memmove
 .text          0x0000000008000dac       0xcc /usr/lib/gcc/arm-none-eabi/12.2.1/../../../arm-none-eabi/lib/thumb/v7-m/nofp/libc_nano.a(lib_a-nano-freer.o)
                0x0000000008000dac                _free_r
 .text          0x0000000008000e78       0xb8 /usr/lib/gcc/arm-none-eabi/12.2.1/../../../arm-none-eabi/lib/thumb/v7-m/nofp/libc_nano.a(lib_a-nano-mallocr.o)
                0x0000000008000e78                _malloc_r
 .text          0x0000000008000f30       0x50 /usr/lib/gcc/arm-none-eabi/12.2.1/../../../arm-none-eabi/lib/thumb/v7-m/nofp/libc_nano.a(lib_a-nano-reallocr.o)
                0x0000000008000f30                _realloc_r
 .text          0x0000000008000f80       0x24 /usr/lib/gcc/arm-none-eabi/12.2.1/../../../arm-none-eabi/lib/thumb/v7-m/nofp/libc_nano.a(lib_a-sbrkr.o)
                0x0000000008000f80                _sbrk_r
 .text          0x0000000008000fa4        0x8 /usr/lib/gcc/arm-none-eabi/12.2.1/../../../arm-none-eabi/lib/thumb/v7-m/nofp/libc_nano.a(lib_a-mlock.o)
                0x0000000008000fa4                __malloc_lock
                0x0000000008000fa8                __malloc_unlock
 .text          0x0000000008000fac       0x14 /usr/lib/gcc/arm-none-eabi/12.2.1/../../../arm-none-eabi/lib/thumb/v7-m/nofp/libc_nano.a(lib_a-nano-msizer.o)
                0x0000000008000fac                _malloc_usable_size_r
 .text          0x0000000008000fc0      0x254 /usr/lib/gcc/arm-none-eabi/12.2.1/thumb/v7-m/nofp/libgcc.a(_arm_muldf3.o)
                0x0000000008000fc0                __aeabi_dmul
                0x0000000008000fc0                __muldf3
 .text          0x0000000008001214      0x378 /usr/lib/gcc/arm-none-eabi/12.2.1/thumb/v7-m/nofp/libgcc.a(_arm_addsubdf3.o)
                0x0000000008001214                __aeabi_drsub
                0x000000000800121c                __aeabi_dsub
                0x000000000800121c                __subdf3
                0x0000000008001220                __adddf3
                0x0000000008001220                __aeabi_dadd
                0x0000000008001498                __aeabi_ui2d
                0x0000000008001498                __floatunsidf
                0x00000000080014b8                __floatsidf
                0x00000000080014b8                __aeabi_i2d
                0x00000000080014dc                __extendsfdf2
                0x00000000080014dc                __aeabi_f2d
                0x0000000008001520                __aeabi_ul2d
                0x0000000008001520                __floatundidf
                0x0000000008001530                __floatdidf
                0x0000000008001530                __aeabi_l2d
 .text          0x000000000800158c       0x40 /usr/lib/gcc/arm-none-eabi/12.2.1/thumb/v7-m/nofp/libgcc.a(_arm_fixunsdfsi.o)
                0x000000000800158c                __fixunsdfsi
                0x000000000800158c                __aeabi_d2uiz
 *(.text*)
 .text.Error_Handler
                0x00000000080015cc        0x4 build/main.o
                0x00000000080015cc                Error_Handler
 .text.SystemClock_Config
                0x00000000080015d0       0x84 build/main.o
                0x00000000080015d0                SystemClock_Config
 .text.main     0x0000000008001654       0x5c build/main.o
                0x0000000008001654                main
 .text.MX_GPIO_Init
                0x00000000080016b0       0xdc build/gpio.o
                0x00000000080016b0                MX_GPIO_Init
 .text.NMI_Handler
                0x000000000800178c        0x2 build/stm32f1xx_it.o
                0x000000000800178c                NMI_Handler
 .text.HardFault_Handler
                0x000000000800178e        0x2 build/stm32f1xx_it.o
                0x000000000800178e                HardFault_Handler
 .text.MemManage_Handler
                0x0000000008001790        0x2 build/stm32f1xx_it.o
                0x0000000008001790                MemManage_Handler
 .text.BusFault_Handler
                0x0000000008001792        0x2 build/stm32f1xx_it.o
                0x0000000008001792                BusFault_Handler
 .text.UsageFault_Handler
                0x0000000008001794        0x2 build/stm32f1xx_it.o
                0x0000000008001794                UsageFault_Handler
 .text.SVC_Handler
                0x0000000008001796        0x2 build/stm32f1xx_it.o
                0x0000000008001796                SVC_Handler
 .text.DebugMon_Handler
                0x0000000008001798        0x2 build/stm32f1xx_it.o
                0x0000000008001798                DebugMon_Handler
 .text.PendSV_Handler
                0x000000000800179a        0x2 build/stm32f1xx_it.o
                0x000000000800179a                PendSV_Handler
 .text.SysTick_Handler
                0x000000000800179c        0x8 build/stm32f1xx_it.o
                0x000000000800179c                SysTick_Handler
 .text.TIM3_IRQHandler
                0x00000000080017a4       0x10 build/stm32f1xx_it.o
                0x00000000080017a4                TIM3_IRQHandler
 .text.HAL_MspInit
                0x00000000080017b4       0x44 build/stm32f1xx_hal_msp.o
                0x00000000080017b4                HAL_MspInit
 .text.TIM_OC1_SetConfig
                0x00000000080017f8       0x54 build/stm32f1xx_hal_tim.o
 .text.TIM_OC3_SetConfig
                0x000000000800184c       0x5c build/stm32f1xx_hal_tim.o
 .text.TIM_OC4_SetConfig
                0x00000000080018a8       0x48 build/stm32f1xx_hal_tim.o
 .text.TIM_TI1_ConfigInputStage
                0x00000000080018f0       0x24 build/stm32f1xx_hal_tim.o
 .text.TIM_TI2_ConfigInputStage
                0x0000000008001914       0x26 build/stm32f1xx_hal_tim.o
 .text.TIM_ITRx_SetConfig
                0x000000000800193a       0x10 build/stm32f1xx_hal_tim.o
 .text.HAL_TIM_PeriodElapsedCallback
                0x000000000800194a        0x2 build/stm32f1xx_hal_tim.o
                0x000000000800194a                HAL_TIM_PeriodElapsedCallback
 .text.HAL_TIM_OC_DelayElapsedCallback
                0x000000000800194c        0x2 build/stm32f1xx_hal_tim.o
                0x000000000800194c                HAL_TIM_OC_DelayElapsedCallback
 .text.HAL_TIM_IC_CaptureCallback
                0x000000000800194e        0x2 build/stm32f1xx_hal_tim.o
                0x000000000800194e                HAL_TIM_IC_CaptureCallback
 .text.HAL_TIM_PWM_PulseFinishedCallback
                0x0000000008001950        0x2 build/stm32f1xx_hal_tim.o
                0x0000000008001950                HAL_TIM_PWM_PulseFinishedCallback
 .text.HAL_TIM_TriggerCallback
                0x0000000008001952        0x2 build/stm32f1xx_hal_tim.o
                0x0000000008001952                HAL_TIM_TriggerCallback
 .text.HAL_TIM_IRQHandler
                0x0000000008001954      0x17a build/stm32f1xx_hal_tim.o
                0x0000000008001954                HAL_TIM_IRQHandler
 *fill*         0x0000000008001ace        0x2 
 .text.TIM_Base_SetConfig
                0x0000000008001ad0       0x74 build/stm32f1xx_hal_tim.o
                0x0000000008001ad0                TIM_Base_SetConfig
 .text.HAL_TIM_Base_Init
                0x0000000008001b44       0x58 build/stm32f1xx_hal_tim.o
                0x0000000008001b44                HAL_TIM_Base_Init
 .text.HAL_TIM_PWM_Init
                0x0000000008001b9c       0x58 build/stm32f1xx_hal_tim.o
                0x0000000008001b9c                HAL_TIM_PWM_Init
 .text.TIM_OC2_SetConfig
                0x0000000008001bf4       0x5c build/stm32f1xx_hal_tim.o
                0x0000000008001bf4                TIM_OC2_SetConfig
 .text.HAL_TIM_PWM_ConfigChannel
                0x0000000008001c50       0xdc build/stm32f1xx_hal_tim.o
                0x0000000008001c50                HAL_TIM_PWM_ConfigChannel
 .text.TIM_ETR_SetConfig
                0x0000000008001d2c       0x18 build/stm32f1xx_hal_tim.o
                0x0000000008001d2c                TIM_ETR_SetConfig
 .text.HAL_TIM_ConfigClockSource
                0x0000000008001d44       0xfe build/stm32f1xx_hal_tim.o
                0x0000000008001d44                HAL_TIM_ConfigClockSource
 *fill*         0x0000000008001e42        0x2 
 .text.HAL_TIMEx_MasterConfigSynchronization
                0x0000000008001e44       0x6c build/stm32f1xx_hal_tim_ex.o
                0x0000000008001e44                HAL_TIMEx_MasterConfigSynchronization
 .text.HAL_TIMEx_CommutCallback
                0x0000000008001eb0        0x2 build/stm32f1xx_hal_tim_ex.o
                0x0000000008001eb0                HAL_TIMEx_CommutCallback
 .text.HAL_TIMEx_BreakCallback
                0x0000000008001eb2        0x2 build/stm32f1xx_hal_tim_ex.o
                0x0000000008001eb2                HAL_TIMEx_BreakCallback
 .text.HAL_InitTick
                0x0000000008001eb4       0x4c build/stm32f1xx_hal.o
                0x0000000008001eb4                HAL_InitTick
 .text.HAL_Init
                0x0000000008001f00       0x24 build/stm32f1xx_hal.o
                0x0000000008001f00                HAL_Init
 .text.HAL_IncTick
                0x0000000008001f24       0x18 build/stm32f1xx_hal.o
                0x0000000008001f24                HAL_IncTick
 .text.HAL_GetTick
                0x0000000008001f3c        0xc build/stm32f1xx_hal.o
                0x0000000008001f3c                HAL_GetTick
 .text.HAL_Delay
                0x0000000008001f48       0x28 build/stm32f1xx_hal.o
                0x0000000008001f48                HAL_Delay
 .text.RCC_Delay
                0x0000000008001f70       0x2c build/stm32f1xx_hal_rcc.o
 .text.HAL_RCC_OscConfig
                0x0000000008001f9c      0x410 build/stm32f1xx_hal_rcc.o
                0x0000000008001f9c                HAL_RCC_OscConfig
 .text.HAL_RCC_GetSysClockFreq
                0x00000000080023ac       0x54 build/stm32f1xx_hal_rcc.o
                0x00000000080023ac                HAL_RCC_GetSysClockFreq
 .text.HAL_RCC_ClockConfig
                0x0000000008002400      0x16c build/stm32f1xx_hal_rcc.o
                0x0000000008002400                HAL_RCC_ClockConfig
 .text.HAL_RCC_GetHCLKFreq
                0x000000000800256c        0xc build/stm32f1xx_hal_rcc.o
                0x000000000800256c                HAL_RCC_GetHCLKFreq
 .text.HAL_RCC_GetPCLK1Freq
                0x0000000008002578       0x20 build/stm32f1xx_hal_rcc.o
                0x0000000008002578                HAL_RCC_GetPCLK1Freq
 .text.HAL_RCC_GetPCLK2Freq
                0x0000000008002598       0x20 build/stm32f1xx_hal_rcc.o
                0x0000000008002598                HAL_RCC_GetPCLK2Freq
 .text.HAL_RCCEx_PeriphCLKConfig
                0x00000000080025b8      0x118 build/stm32f1xx_hal_rcc_ex.o
                0x00000000080025b8                HAL_RCCEx_PeriphCLKConfig
 .text.HAL_GPIO_Init
                0x00000000080026d0      0x21c build/stm32f1xx_hal_gpio.o
                0x00000000080026d0                HAL_GPIO_Init
 .text.HAL_GPIO_ReadPin
                0x00000000080028ec        0xe build/stm32f1xx_hal_gpio.o
                0x00000000080028ec                HAL_GPIO_ReadPin
 .text.HAL_GPIO_WritePin
                0x00000000080028fa        0xc build/stm32f1xx_hal_gpio.o
                0x00000000080028fa                HAL_GPIO_WritePin
 *fill*         0x0000000008002906        0x2 
 .text.__NVIC_SetPriority
                0x0000000008002908       0x28 build/stm32f1xx_hal_cortex.o
 .text.NVIC_EncodePriority
                0x0000000008002930       0x3e build/stm32f1xx_hal_cortex.o
 *fill*         0x000000000800296e        0x2 
 .text.HAL_NVIC_SetPriorityGrouping
                0x0000000008002970       0x24 build/stm32f1xx_hal_cortex.o
                0x0000000008002970                HAL_NVIC_SetPriorityGrouping
 .text.HAL_NVIC_SetPriority
                0x0000000008002994       0x20 build/stm32f1xx_hal_cortex.o
                0x0000000008002994                HAL_NVIC_SetPriority
 .text.HAL_NVIC_EnableIRQ
                0x00000000080029b4       0x1c build/stm32f1xx_hal_cortex.o
                0x00000000080029b4                HAL_NVIC_EnableIRQ
 .text.HAL_SYSTICK_Config
                0x00000000080029d0       0x28 build/stm32f1xx_hal_cortex.o
                0x00000000080029d0                HAL_SYSTICK_Config
 .text.SystemInit
                0x00000000080029f8        0x2 build/system_stm32f1xx.o
                0x00000000080029f8                SystemInit
 *fill*         0x00000000080029fa        0x2 
 .text._sbrk    0x00000000080029fc       0x48 build/sysmem.o
                0x00000000080029fc                _sbrk
 .text.MX_USART1_UART_Init
                0x0000000008002a44       0x34 build/usart.o
                0x0000000008002a44                MX_USART1_UART_Init
 .text.MX_USART3_UART_Init
                0x0000000008002a78       0x34 build/usart.o
                0x0000000008002a78                MX_USART3_UART_Init
 .text.HAL_UART_MspInit
                0x0000000008002aac       0xdc build/usart.o
                0x0000000008002aac                HAL_UART_MspInit
 .text.UART_SetConfig
                0x0000000008002b88       0x94 build/stm32f1xx_hal_uart.o
 .text.UART_WaitOnFlagUntilTimeout
                0x0000000008002c1c       0x84 build/stm32f1xx_hal_uart.o
 .text.HAL_UART_Init
                0x0000000008002ca0       0x60 build/stm32f1xx_hal_uart.o
                0x0000000008002ca0                HAL_UART_Init
 .text.HAL_UART_Transmit
                0x0000000008002d00       0xbe build/stm32f1xx_hal_uart.o
                0x0000000008002d00                HAL_UART_Transmit
 *fill*         0x0000000008002dbe        0x2 
 .text.MX_ADC1_Init
                0x0000000008002dc0       0x58 build/adc.o
                0x0000000008002dc0                MX_ADC1_Init
 .text.HAL_ADC_MspInit
                0x0000000008002e18       0x60 build/adc.o
                0x0000000008002e18                HAL_ADC_MspInit
 .text.MX_I2C1_Init
                0x0000000008002e78       0x3c build/i2c.o
                0x0000000008002e78                MX_I2C1_Init
 .text.HAL_I2C_MspInit
                0x0000000008002eb4       0x78 build/i2c.o
                0x0000000008002eb4                HAL_I2C_MspInit
 .text.MX_TIM3_Init
                0x0000000008002f2c       0x70 build/tim.o
                0x0000000008002f2c                MX_TIM3_Init
 .text.HAL_TIM_PWM_MspInit
                0x0000000008002f9c       0x26 build/tim.o
                0x0000000008002f9c                HAL_TIM_PWM_MspInit
 *fill*         0x0000000008002fc2        0x2 
 .text.HAL_TIM_Base_MspInit
                0x0000000008002fc4       0x40 build/tim.o
                0x0000000008002fc4                HAL_TIM_Base_MspInit
 .text.HAL_TIM_MspPostInit
                0x0000000008003004       0x4c build/tim.o
                0x0000000008003004                HAL_TIM_MspPostInit
 .text.MX_TIM2_Init
                0x0000000008003050       0x90 build/tim.o
                0x0000000008003050                MX_TIM2_Init
 .text.HAL_ADC_ConfigChannel
                0x00000000080030e0      0x140 build/stm32f1xx_hal_adc.o
                0x00000000080030e0                HAL_ADC_ConfigChannel
 .text.ADC_ConversionStop_Disable
                0x0000000008003220       0x56 build/stm32f1xx_hal_adc.o
                0x0000000008003220                ADC_ConversionStop_Disable
 *fill*         0x0000000008003276        0x2 
 .text.HAL_ADC_Init
                0x0000000008003278      0x108 build/stm32f1xx_hal_adc.o
                0x0000000008003278                HAL_ADC_Init
 .text.HAL_I2C_Init
                0x0000000008003380      0x1bc build/stm32f1xx_hal_i2c.o
                0x0000000008003380                HAL_I2C_Init
 *fill*         0x000000000800353c        0x4 
 .text.get_distance
                0x0000000008003540       0x9c build/hc-sr04.o
                0x0000000008003540                get_distance
 .text.Reset_Handler
                0x00000000080035dc       0x48 build/startup_stm32f103xb.o
                0x00000000080035dc                Reset_Handler
 .text.Default_Handler
                0x0000000008003624        0x2 build/startup_stm32f103xb.o
                0x0000000008003624                RTC_Alarm_IRQHandler
                0x0000000008003624                EXTI2_IRQHandler
                0x0000000008003624                TIM1_CC_IRQHandler
                0x0000000008003624                PVD_IRQHandler
                0x0000000008003624                EXTI3_IRQHandler
                0x0000000008003624                EXTI0_IRQHandler
                0x0000000008003624                I2C2_EV_IRQHandler
                0x0000000008003624                ADC1_2_IRQHandler
                0x0000000008003624                SPI1_IRQHandler
                0x0000000008003624                TAMPER_IRQHandler
                0x0000000008003624                DMA1_Channel4_IRQHandler
                0x0000000008003624                USART3_IRQHandler
                0x0000000008003624                RTC_IRQHandler
                0x0000000008003624                DMA1_Channel7_IRQHandler
                0x0000000008003624                CAN1_RX1_IRQHandler
                0x0000000008003624                TIM4_IRQHandler
                0x0000000008003624                I2C1_EV_IRQHandler
                0x0000000008003624                DMA1_Channel6_IRQHandler
                0x0000000008003624                RCC_IRQHandler
                0x0000000008003624                TIM1_TRG_COM_IRQHandler
                0x0000000008003624                DMA1_Channel1_IRQHandler
                0x0000000008003624                Default_Handler
                0x0000000008003624                EXTI15_10_IRQHandler
                0x0000000008003624                EXTI9_5_IRQHandler
                0x0000000008003624                SPI2_IRQHandler
                0x0000000008003624                DMA1_Channel5_IRQHandler
                0x0000000008003624                EXTI4_IRQHandler
                0x0000000008003624                USB_LP_CAN1_RX0_IRQHandler
                0x0000000008003624                USB_HP_CAN1_TX_IRQHandler
                0x0000000008003624                DMA1_Channel3_IRQHandler
                0x0000000008003624                TIM1_UP_IRQHandler
                0x0000000008003624                WWDG_IRQHandler
                0x0000000008003624                TIM2_IRQHandler
                0x0000000008003624                TIM1_BRK_IRQHandler
                0x0000000008003624                EXTI1_IRQHandler
                0x0000000008003624                USART2_IRQHandler
                0x0000000008003624                I2C2_ER_IRQHandler
                0x0000000008003624                DMA1_Channel2_IRQHandler
                0x0000000008003624                CAN1_SCE_IRQHandler
                0x0000000008003624                FLASH_IRQHandler
                0x0000000008003624                USART1_IRQHandler
                0x0000000008003624                I2C1_ER_IRQHandler
                0x0000000008003624                USBWakeUp_IRQHandler
 *(.glue_7)
 .glue_7        0x0000000008003626        0x0 linker stubs
 *(.glue_7t)
 .glue_7t       0x0000000008003626        0x0 linker stubs
 *(.eh_frame)
 *fill*         0x0000000008003626        0x2 
 .eh_frame      0x0000000008003628        0x0 /usr/lib/gcc/arm-none-eabi/12.2.1/thumb/v7-m/nofp/crtbegin.o
 *(.init)
 .init          0x0000000008003628        0x4 /usr/lib/gcc/arm-none-eabi/12.2.1/thumb/v7-m/nofp/crti.o
                0x0000000008003628                _init
 .init          0x000000000800362c        0x8 /usr/lib/gcc/arm-none-eabi/12.2.1/thumb/v7-m/nofp/crtn.o
 *(.fini)
 .fini          0x0000000008003634        0x4 /usr/lib/gcc/arm-none-eabi/12.2.1/thumb/v7-m/nofp/crti.o
                0x0000000008003634                _fini
 .fini          0x0000000008003638        0x8 /usr/lib/gcc/arm-none-eabi/12.2.1/thumb/v7-m/nofp/crtn.o
                0x0000000008003640                . = ALIGN (0x4)
                0x0000000008003640                _etext = .

.vfp11_veneer   0x0000000008003640        0x0
 .vfp11_veneer  0x0000000008003640        0x0 linker stubs

.v4_bx          0x0000000008003640        0x0
 .v4_bx         0x0000000008003640        0x0 linker stubs

.iplt           0x0000000008003640        0x0
 .iplt          0x0000000008003640        0x0 /usr/lib/gcc/arm-none-eabi/12.2.1/thumb/v7-m/nofp/crtbegin.o

.rodata         0x0000000008003640       0x7c
                0x0000000008003640                . = ALIGN (0x4)
 *(.rodata)
 *(.rodata*)
 .rodata.main.str1.4
                0x0000000008003640       0x12 build/main.o
 *fill*         0x0000000008003652        0x2 
 .rodata.aPredivFactorTable.0
                0x0000000008003654        0x2 build/stm32f1xx_hal_rcc.o
 *fill*         0x0000000008003656        0x2 
 .rodata.aPLLMULFactorTable.1
                0x0000000008003658       0x10 build/stm32f1xx_hal_rcc.o
 .rodata.APBPrescTable
                0x0000000008003668        0x8 build/system_stm32f1xx.o
                0x0000000008003668                APBPrescTable
 .rodata.AHBPrescTable
                0x0000000008003670       0x10 build/system_stm32f1xx.o
                0x0000000008003670                AHBPrescTable
 .rodata.str1.4
                0x0000000008003680       0x13 /usr/lib/gcc/arm-none-eabi/12.2.1/../../../arm-none-eabi/lib/thumb/v7-m/nofp/libc_nano.a(lib_a-nano-svfprintf.o)
 *fill*         0x0000000008003693        0x1 
 .rodata.str1.4
                0x0000000008003694       0x25 /usr/lib/gcc/arm-none-eabi/12.2.1/../../../arm-none-eabi/lib/thumb/v7-m/nofp/libc_nano.a(lib_a-nano-vfprintf_i.o)
                0x00000000080036bc                . = ALIGN (0x4)
 *fill*         0x00000000080036b9        0x3 

.rel.dyn        0x00000000080036bc        0x0
 .rel.iplt      0x00000000080036bc        0x0 /usr/lib/gcc/arm-none-eabi/12.2.1/thumb/v7-m/nofp/crtbegin.o

.ARM.extab
 *(.ARM.extab* .gnu.linkonce.armextab.*)

.ARM            0x00000000080036bc        0x0
                0x00000000080036bc                __exidx_start = .
 *(.ARM.exidx*)
                0x00000000080036bc                __exidx_end = .

.preinit_array  0x00000000080036bc        0x0
                0x00000000080036bc                PROVIDE (__preinit_array_start = .)
 *(.preinit_array*)
                0x00000000080036bc                PROVIDE (__preinit_array_end = .)

.init_array     0x00000000080036bc        0x4
                0x00000000080036bc                PROVIDE (__init_array_start = .)
 *(SORT_BY_NAME(.init_array.*))
 *(.init_array*)
 .init_array    0x00000000080036bc        0x4 /usr/lib/gcc/arm-none-eabi/12.2.1/thumb/v7-m/nofp/crtbegin.o
                0x00000000080036c0                PROVIDE (__init_array_end = .)

.fini_array     0x00000000080036c0        0x4
                0x00000000080036c0                PROVIDE (__fini_array_start = .)
 *(SORT_BY_NAME(.fini_array.*))
 *(.fini_array*)
 .fini_array    0x00000000080036c0        0x4 /usr/lib/gcc/arm-none-eabi/12.2.1/thumb/v7-m/nofp/crtbegin.o
                0x00000000080036c4                PROVIDE (__fini_array_end = .)
                0x00000000080036c4                _sidata = LOADADDR (.data)

.data           0x0000000020000000       0x70 load address 0x00000000080036c4
                0x0000000020000000                . = ALIGN (0x4)
                0x0000000020000000                _sdata = .
 *(.data)
 .data          0x0000000020000000       0x64 /usr/lib/gcc/arm-none-eabi/12.2.1/../../../arm-none-eabi/lib/thumb/v7-m/nofp/libc_nano.a(lib_a-impure.o)
                0x0000000020000000                _impure_ptr
 *(.data*)
 .data.uwTickFreq
                0x0000000020000064        0x1 build/stm32f1xx_hal.o
                0x0000000020000064                uwTickFreq
 *fill*         0x0000000020000065        0x3 
 .data.uwTickPrio
                0x0000000020000068        0x4 build/stm32f1xx_hal.o
                0x0000000020000068                uwTickPrio
 .data.SystemCoreClock
                0x000000002000006c        0x4 build/system_stm32f1xx.o
                0x000000002000006c                SystemCoreClock
                0x0000000020000070                . = ALIGN (0x4)
                0x0000000020000070                _edata = .

.tm_clone_table
                0x0000000020000070        0x0 load address 0x0000000008003734
 .tm_clone_table
                0x0000000020000070        0x0 /usr/lib/gcc/arm-none-eabi/12.2.1/thumb/v7-m/nofp/crtbegin.o
 .tm_clone_table
                0x0000000020000070        0x0 /usr/lib/gcc/arm-none-eabi/12.2.1/thumb/v7-m/nofp/crtend.o

.igot.plt       0x0000000020000070        0x0 load address 0x0000000008003734
 .igot.plt      0x0000000020000070        0x0 /usr/lib/gcc/arm-none-eabi/12.2.1/thumb/v7-m/nofp/crtbegin.o
                0x0000000020000070                . = ALIGN (0x4)

.bss            0x0000000020000070      0x1d4 load address 0x0000000008003734
                0x0000000020000070                _sbss = .
                0x0000000020000070                __bss_start__ = _sbss
 *(.bss)
 .bss           0x0000000020000070       0x1c /usr/lib/gcc/arm-none-eabi/12.2.1/thumb/v7-m/nofp/crtbegin.o
 .bss           0x000000002000008c        0x8 /usr/lib/gcc/arm-none-eabi/12.2.1/../../../arm-none-eabi/lib/thumb/v7-m/nofp/libc_nano.a(lib_a-nano-mallocr.o)
                0x000000002000008c                __malloc_free_list
                0x0000000020000090                __malloc_sbrk_start
 .bss           0x0000000020000094        0x4 /usr/lib/gcc/arm-none-eabi/12.2.1/../../../arm-none-eabi/lib/thumb/v7-m/nofp/libc_nano.a(lib_a-reent.o)
                0x0000000020000094                errno
 *(.bss*)
 .bss.uwTick    0x0000000020000098        0x4 build/stm32f1xx_hal.o
                0x0000000020000098                uwTick
 .bss.__sbrk_heap_end
                0x000000002000009c        0x4 build/sysmem.o
 .bss.huart3    0x00000000200000a0       0x48 build/usart.o
                0x00000000200000a0                huart3
 .bss.huart1    0x00000000200000e8       0x48 build/usart.o
                0x00000000200000e8                huart1
 .bss.hadc1     0x0000000020000130       0x30 build/adc.o
                0x0000000020000130                hadc1
 .bss.hi2c1     0x0000000020000160       0x54 build/i2c.o
                0x0000000020000160                hi2c1
 .bss.htim3     0x00000000200001b4       0x48 build/tim.o
                0x00000000200001b4                htim3
 .bss.htim2     0x00000000200001fc       0x48 build/tim.o
                0x00000000200001fc                htim2
 *(COMMON)
                0x0000000020000244                . = ALIGN (0x4)
                0x0000000020000244                _ebss = .
                0x0000000020000244                __bss_end__ = _ebss

._user_heap_stack
                0x0000000020000244      0x604 load address 0x0000000008003734
                0x0000000020000248                . = ALIGN (0x8)
 *fill*         0x0000000020000244        0x4 
                [!provide]                        PROVIDE (end = .)
                0x0000000020000248                PROVIDE (_end = .)
                0x0000000020000448                . = (. + _Min_Heap_Size)
 *fill*         0x0000000020000248      0x200 
                0x0000000020000848                . = (. + _Min_Stack_Size)
 *fill*         0x0000000020000448      0x400 
                0x0000000020000848                . = ALIGN (0x8)

/DISCARD/
 libc.a(*)
 libm.a(*)
 libgcc.a(*)

.ARM.attributes
                0x0000000000000000       0x29
 *(.ARM.attributes)
 .ARM.attributes
                0x0000000000000000       0x1d /usr/lib/gcc/arm-none-eabi/12.2.1/thumb/v7-m/nofp/crti.o
 .ARM.attributes
                0x000000000000001d       0x2d /usr/lib/gcc/arm-none-eabi/12.2.1/thumb/v7-m/nofp/crtbegin.o
 .ARM.attributes
                0x000000000000004a       0x2d build/main.o
 .ARM.attributes
                0x0000000000000077       0x2d build/gpio.o
 .ARM.attributes
                0x00000000000000a4       0x2d build/stm32f1xx_it.o
 .ARM.attributes
                0x00000000000000d1       0x2d build/stm32f1xx_hal_msp.o
 .ARM.attributes
                0x00000000000000fe       0x2d build/stm32f1xx_hal_tim.o
 .ARM.attributes
                0x000000000000012b       0x2d build/stm32f1xx_hal_tim_ex.o
 .ARM.attributes
                0x0000000000000158       0x2d build/stm32f1xx_hal.o
 .ARM.attributes
                0x0000000000000185       0x2d build/stm32f1xx_hal_rcc.o
 .ARM.attributes
                0x00000000000001b2       0x2d build/stm32f1xx_hal_rcc_ex.o
 .ARM.attributes
                0x00000000000001df       0x2d build/stm32f1xx_hal_gpio.o
 .ARM.attributes
                0x000000000000020c       0x2d build/stm32f1xx_hal_cortex.o
 .ARM.attributes
                0x0000000000000239       0x2d build/system_stm32f1xx.o
 .ARM.attributes
                0x0000000000000266       0x2d build/sysmem.o
 .ARM.attributes
                0x0000000000000293       0x2d build/usart.o
 .ARM.attributes
                0x00000000000002c0       0x2d build/stm32f1xx_hal_uart.o
 .ARM.attributes
                0x00000000000002ed       0x2d build/adc.o
 .ARM.attributes
                0x000000000000031a       0x2d build/i2c.o
 .ARM.attributes
                0x0000000000000347       0x2d build/tim.o
 .ARM.attributes
                0x0000000000000374       0x2d build/stm32f1xx_hal_adc.o
 .ARM.attributes
                0x00000000000003a1       0x2d build/stm32f1xx_hal_i2c.o
 .ARM.attributes
                0x00000000000003ce       0x2d build/hc-sr04.o
 .ARM.attributes
                0x00000000000003fb       0x21 build/startup_stm32f103xb.o
 .ARM.attributes
                0x000000000000041c       0x2d /usr/lib/gcc/arm-none-eabi/12.2.1/../../../arm-none-eabi/lib/thumb/v7-m/nofp/libc_nano.a(lib_a-errno.o)
 .ARM.attributes
                0x0000000000000449       0x2d /usr/lib/gcc/arm-none-eabi/12.2.1/../../../arm-none-eabi/lib/thumb/v7-m/nofp/libc_nano.a(lib_a-impure.o)
 .ARM.attributes
                0x0000000000000476       0x2d /usr/lib/gcc/arm-none-eabi/12.2.1/../../../arm-none-eabi/lib/thumb/v7-m/nofp/libc_nano.a(lib_a-init.o)
 .ARM.attributes
                0x00000000000004a3       0x2d /usr/lib/gcc/arm-none-eabi/12.2.1/../../../arm-none-eabi/lib/thumb/v7-m/nofp/libc_nano.a(lib_a-memset.o)
 .ARM.attributes
                0x00000000000004d0       0x2d /usr/lib/gcc/arm-none-eabi/12.2.1/../../../arm-none-eabi/lib/thumb/v7-m/nofp/libc_nano.a(lib_a-sprintf.o)
 .ARM.attributes
                0x00000000000004fd       0x2d /usr/lib/gcc/arm-none-eabi/12.2.1/../../../arm-none-eabi/lib/thumb/v7-m/nofp/libc_nano.a(lib_a-strlen-stub.o)
 .ARM.attributes
                0x000000000000052a       0x2d /usr/lib/gcc/arm-none-eabi/12.2.1/../../../arm-none-eabi/lib/thumb/v7-m/nofp/libc_nano.a(lib_a-nano-svfprintf.o)
 .ARM.attributes
                0x0000000000000557       0x2d /usr/lib/gcc/arm-none-eabi/12.2.1/../../../arm-none-eabi/lib/thumb/v7-m/nofp/libc_nano.a(lib_a-nano-vfprintf_i.o)
 .ARM.attributes
                0x0000000000000584       0x2d /usr/lib/gcc/arm-none-eabi/12.2.1/../../../arm-none-eabi/lib/thumb/v7-m/nofp/libc_nano.a(lib_a-memchr-stub.o)
 .ARM.attributes
                0x00000000000005b1       0x1b /usr/lib/gcc/arm-none-eabi/12.2.1/../../../arm-none-eabi/lib/thumb/v7-m/nofp/libc_nano.a(lib_a-memcpy.o)
 .ARM.attributes
                0x00000000000005cc       0x2d /usr/lib/gcc/arm-none-eabi/12.2.1/../../../arm-none-eabi/lib/thumb/v7-m/nofp/libc_nano.a(lib_a-memmove.o)
 .ARM.attributes
                0x00000000000005f9       0x2d /usr/lib/gcc/arm-none-eabi/12.2.1/../../../arm-none-eabi/lib/thumb/v7-m/nofp/libc_nano.a(lib_a-nano-freer.o)
 .ARM.attributes
                0x0000000000000626       0x2d /usr/lib/gcc/arm-none-eabi/12.2.1/../../../arm-none-eabi/lib/thumb/v7-m/nofp/libc_nano.a(lib_a-nano-mallocr.o)
 .ARM.attributes
                0x0000000000000653       0x2d /usr/lib/gcc/arm-none-eabi/12.2.1/../../../arm-none-eabi/lib/thumb/v7-m/nofp/libc_nano.a(lib_a-nano-reallocr.o)
 .ARM.attributes
                0x0000000000000680       0x2d /usr/lib/gcc/arm-none-eabi/12.2.1/../../../arm-none-eabi/lib/thumb/v7-m/nofp/libc_nano.a(lib_a-sbrkr.o)
 .ARM.attributes
                0x00000000000006ad       0x2d /usr/lib/gcc/arm-none-eabi/12.2.1/../../../arm-none-eabi/lib/thumb/v7-m/nofp/libc_nano.a(lib_a-mlock.o)
 .ARM.attributes
                0x00000000000006da       0x2d /usr/lib/gcc/arm-none-eabi/12.2.1/../../../arm-none-eabi/lib/thumb/v7-m/nofp/libc_nano.a(lib_a-nano-msizer.o)
 .ARM.attributes
                0x0000000000000707       0x2d /usr/lib/gcc/arm-none-eabi/12.2.1/../../../arm-none-eabi/lib/thumb/v7-m/nofp/libc_nano.a(lib_a-reent.o)
 .ARM.attributes
                0x0000000000000734       0x1d /usr/lib/gcc/arm-none-eabi/12.2.1/thumb/v7-m/nofp/libgcc.a(_arm_muldf3.o)
 .ARM.attributes
                0x0000000000000751       0x1d /usr/lib/gcc/arm-none-eabi/12.2.1/thumb/v7-m/nofp/libgcc.a(_arm_addsubdf3.o)
 .ARM.attributes
                0x000000000000076e       0x1d /usr/lib/gcc/arm-none-eabi/12.2.1/thumb/v7-m/nofp/libgcc.a(_arm_fixunsdfsi.o)
 .ARM.attributes
                0x000000000000078b       0x2d /usr/lib/gcc/arm-none-eabi/12.2.1/thumb/v7-m/nofp/crtend.o
 .ARM.attributes
                0x00000000000007b8       0x1d /usr/lib/gcc/arm-none-eabi/12.2.1/thumb/v7-m/nofp/crtn.o
OUTPUT(build/Balance-Car.elf elf32-littlearm)
LOAD linker stubs
LOAD /usr/lib/gcc/arm-none-eabi/12.2.1/../../../arm-none-eabi/lib/thumb/v7-m/nofp/libc.a
LOAD /usr/lib/gcc/arm-none-eabi/12.2.1/../../../arm-none-eabi/lib/thumb/v7-m/nofp/libm.a
LOAD /usr/lib/gcc/arm-none-eabi/12.2.1/thumb/v7-m/nofp/libgcc.a

.comment        0x0000000000000000       0x59
 .comment       0x0000000000000000       0x26 /usr/lib/gcc/arm-none-eabi/12.2.1/thumb/v7-m/nofp/crtbegin.o
                                         0x27 (size before relaxing)
 .comment       0x0000000000000026       0x27 build/main.o
 .comment       0x0000000000000026       0x27 build/gpio.o
 .comment       0x0000000000000026       0x27 build/stm32f1xx_it.o
 .comment       0x0000000000000026       0x27 build/stm32f1xx_hal_msp.o
 .comment       0x0000000000000026       0x27 build/stm32f1xx_hal_tim.o
 .comment       0x0000000000000026       0x27 build/stm32f1xx_hal_tim_ex.o
 .comment       0x0000000000000026       0x27 build/stm32f1xx_hal.o
 .comment       0x0000000000000026       0x27 build/stm32f1xx_hal_rcc.o
 .comment       0x0000000000000026       0x27 build/stm32f1xx_hal_rcc_ex.o
 .comment       0x0000000000000026       0x27 build/stm32f1xx_hal_gpio.o
 .comment       0x0000000000000026       0x27 build/stm32f1xx_hal_cortex.o
 .comment       0x0000000000000026       0x27 build/system_stm32f1xx.o
 .comment       0x0000000000000026       0x27 build/sysmem.o
 .comment       0x0000000000000026       0x27 build/usart.o
 .comment       0x0000000000000026       0x27 build/stm32f1xx_hal_uart.o
 .comment       0x0000000000000026       0x27 build/adc.o
 .comment       0x0000000000000026       0x27 build/i2c.o
 .comment       0x0000000000000026       0x27 build/tim.o
 .comment       0x0000000000000026       0x27 build/stm32f1xx_hal_adc.o
 .comment       0x0000000000000026       0x27 build/stm32f1xx_hal_i2c.o
 .comment       0x0000000000000026       0x27 build/hc-sr04.o
 .comment       0x0000000000000026       0x33 /usr/lib/gcc/arm-none-eabi/12.2.1/../../../arm-none-eabi/lib/thumb/v7-m/nofp/libc_nano.a(lib_a-errno.o)
                                         0x34 (size before relaxing)
 .comment       0x0000000000000059       0x34 /usr/lib/gcc/arm-none-eabi/12.2.1/../../../arm-none-eabi/lib/thumb/v7-m/nofp/libc_nano.a(lib_a-impure.o)
 .comment       0x0000000000000059       0x34 /usr/lib/gcc/arm-none-eabi/12.2.1/../../../arm-none-eabi/lib/thumb/v7-m/nofp/libc_nano.a(lib_a-init.o)
 .comment       0x0000000000000059       0x34 /usr/lib/gcc/arm-none-eabi/12.2.1/../../../arm-none-eabi/lib/thumb/v7-m/nofp/libc_nano.a(lib_a-memset.o)
 .comment       0x0000000000000059       0x34 /usr/lib/gcc/arm-none-eabi/12.2.1/../../../arm-none-eabi/lib/thumb/v7-m/nofp/libc_nano.a(lib_a-sprintf.o)
 .comment       0x0000000000000059       0x34 /usr/lib/gcc/arm-none-eabi/12.2.1/../../../arm-none-eabi/lib/thumb/v7-m/nofp/libc_nano.a(lib_a-strlen-stub.o)
 .comment       0x0000000000000059       0x34 /usr/lib/gcc/arm-none-eabi/12.2.1/../../../arm-none-eabi/lib/thumb/v7-m/nofp/libc_nano.a(lib_a-nano-svfprintf.o)
 .comment       0x0000000000000059       0x34 /usr/lib/gcc/arm-none-eabi/12.2.1/../../../arm-none-eabi/lib/thumb/v7-m/nofp/libc_nano.a(lib_a-nano-vfprintf_i.o)
 .comment       0x0000000000000059       0x34 /usr/lib/gcc/arm-none-eabi/12.2.1/../../../arm-none-eabi/lib/thumb/v7-m/nofp/libc_nano.a(lib_a-memchr-stub.o)
 .comment       0x0000000000000059       0x34 /usr/lib/gcc/arm-none-eabi/12.2.1/../../../arm-none-eabi/lib/thumb/v7-m/nofp/libc_nano.a(lib_a-memmove.o)
 .comment       0x0000000000000059       0x34 /usr/lib/gcc/arm-none-eabi/12.2.1/../../../arm-none-eabi/lib/thumb/v7-m/nofp/libc_nano.a(lib_a-nano-freer.o)
 .comment       0x0000000000000059       0x34 /usr/lib/gcc/arm-none-eabi/12.2.1/../../../arm-none-eabi/lib/thumb/v7-m/nofp/libc_nano.a(lib_a-nano-mallocr.o)
 .comment       0x0000000000000059       0x34 /usr/lib/gcc/arm-none-eabi/12.2.1/../../../arm-none-eabi/lib/thumb/v7-m/nofp/libc_nano.a(lib_a-nano-reallocr.o)
 .comment       0x0000000000000059       0x34 /usr/lib/gcc/arm-none-eabi/12.2.1/../../../arm-none-eabi/lib/thumb/v7-m/nofp/libc_nano.a(lib_a-sbrkr.o)
 .comment       0x0000000000000059       0x34 /usr/lib/gcc/arm-none-eabi/12.2.1/../../../arm-none-eabi/lib/thumb/v7-m/nofp/libc_nano.a(lib_a-mlock.o)
 .comment       0x0000000000000059       0x34 /usr/lib/gcc/arm-none-eabi/12.2.1/../../../arm-none-eabi/lib/thumb/v7-m/nofp/libc_nano.a(lib_a-nano-msizer.o)
 .comment       0x0000000000000059       0x34 /usr/lib/gcc/arm-none-eabi/12.2.1/../../../arm-none-eabi/lib/thumb/v7-m/nofp/libc_nano.a(lib_a-reent.o)
 .comment       0x0000000000000059       0x27 /usr/lib/gcc/arm-none-eabi/12.2.1/thumb/v7-m/nofp/crtend.o

.debug_info     0x0000000000000000    0x1ebb3
 .debug_info    0x0000000000000000      0xb0c build/main.o
 .debug_info    0x0000000000000b0c      0x3d5 build/gpio.o
 .debug_info    0x0000000000000ee1      0x7ac build/stm32f1xx_it.o
 .debug_info    0x000000000000168d      0x22c build/stm32f1xx_hal_msp.o
 .debug_info    0x00000000000018b9     0x4091 build/stm32f1xx_hal_tim.o
 .debug_info    0x000000000000594a     0x1d13 build/stm32f1xx_hal_tim_ex.o
 .debug_info    0x000000000000765d      0x874 build/stm32f1xx_hal.o
 .debug_info    0x0000000000007ed1      0xaec build/stm32f1xx_hal_rcc.o
 .debug_info    0x00000000000089bd      0x465 build/stm32f1xx_hal_rcc_ex.o
 .debug_info    0x0000000000008e22      0x6bf build/stm32f1xx_hal_gpio.o
 .debug_info    0x00000000000094e1      0xdef build/stm32f1xx_hal_cortex.o
 .debug_info    0x000000000000a2d0      0x256 build/system_stm32f1xx.o
 .debug_info    0x000000000000a526      0x174 build/sysmem.o
 .debug_info    0x000000000000a69a      0x9ff build/usart.o
 .debug_info    0x000000000000b099     0x43b7 build/stm32f1xx_hal_uart.o
 .debug_info    0x000000000000f450      0x956 build/adc.o
 .debug_info    0x000000000000fda6      0xa13 build/i2c.o
 .debug_info    0x00000000000107b9      0xf3d build/tim.o
 .debug_info    0x00000000000116f6     0x1076 build/stm32f1xx_hal_adc.o
 .debug_info    0x000000000001276c     0x3cae build/stm32f1xx_hal_i2c.o
 .debug_info    0x000000000001641a      0x898 build/hc-sr04.o
 .debug_info    0x0000000000016cb2       0x30 build/startup_stm32f103xb.o
 .debug_info    0x0000000000016ce2      0x7ae /usr/lib/gcc/arm-none-eabi/12.2.1/../../../arm-none-eabi/lib/thumb/v7-m/nofp/libc_nano.a(lib_a-errno.o)
 .debug_info    0x0000000000017490      0x863 /usr/lib/gcc/arm-none-eabi/12.2.1/../../../arm-none-eabi/lib/thumb/v7-m/nofp/libc_nano.a(lib_a-impure.o)
 .debug_info    0x0000000000017cf3      0x11a /usr/lib/gcc/arm-none-eabi/12.2.1/../../../arm-none-eabi/lib/thumb/v7-m/nofp/libc_nano.a(lib_a-init.o)
 .debug_info    0x0000000000017e0d      0x137 /usr/lib/gcc/arm-none-eabi/12.2.1/../../../arm-none-eabi/lib/thumb/v7-m/nofp/libc_nano.a(lib_a-memset.o)
 .debug_info    0x0000000000017f44      0x926 /usr/lib/gcc/arm-none-eabi/12.2.1/../../../arm-none-eabi/lib/thumb/v7-m/nofp/libc_nano.a(lib_a-sprintf.o)
 .debug_info    0x000000000001886a       0xbc /usr/lib/gcc/arm-none-eabi/12.2.1/../../../arm-none-eabi/lib/thumb/v7-m/nofp/libc_nano.a(lib_a-strlen-stub.o)
 .debug_info    0x0000000000018926     0x10d5 /usr/lib/gcc/arm-none-eabi/12.2.1/../../../arm-none-eabi/lib/thumb/v7-m/nofp/libc_nano.a(lib_a-nano-svfprintf.o)
 .debug_info    0x00000000000199fb      0xe9e /usr/lib/gcc/arm-none-eabi/12.2.1/../../../arm-none-eabi/lib/thumb/v7-m/nofp/libc_nano.a(lib_a-nano-vfprintf_i.o)
 .debug_info    0x000000000001a899      0x14e /usr/lib/gcc/arm-none-eabi/12.2.1/../../../arm-none-eabi/lib/thumb/v7-m/nofp/libc_nano.a(lib_a-memchr-stub.o)
 .debug_info    0x000000000001a9e7       0x26 /usr/lib/gcc/arm-none-eabi/12.2.1/../../../arm-none-eabi/lib/thumb/v7-m/nofp/libc_nano.a(lib_a-memcpy.o)
 .debug_info    0x000000000001aa0d      0x152 /usr/lib/gcc/arm-none-eabi/12.2.1/../../../arm-none-eabi/lib/thumb/v7-m/nofp/libc_nano.a(lib_a-memmove.o)
 .debug_info    0x000000000001ab5f      0x940 /usr/lib/gcc/arm-none-eabi/12.2.1/../../../arm-none-eabi/lib/thumb/v7-m/nofp/libc_nano.a(lib_a-nano-freer.o)
 .debug_info    0x000000000001b49f      0xa0c /usr/lib/gcc/arm-none-eabi/12.2.1/../../../arm-none-eabi/lib/thumb/v7-m/nofp/libc_nano.a(lib_a-nano-mallocr.o)
 .debug_info    0x000000000001beab      0x911 /usr/lib/gcc/arm-none-eabi/12.2.1/../../../arm-none-eabi/lib/thumb/v7-m/nofp/libc_nano.a(lib_a-nano-reallocr.o)
 .debug_info    0x000000000001c7bc      0x828 /usr/lib/gcc/arm-none-eabi/12.2.1/../../../arm-none-eabi/lib/thumb/v7-m/nofp/libc_nano.a(lib_a-sbrkr.o)
 .debug_info    0x000000000001cfe4      0x7dc /usr/lib/gcc/arm-none-eabi/12.2.1/../../../arm-none-eabi/lib/thumb/v7-m/nofp/libc_nano.a(lib_a-mlock.o)
 .debug_info    0x000000000001d7c0      0x840 /usr/lib/gcc/arm-none-eabi/12.2.1/../../../arm-none-eabi/lib/thumb/v7-m/nofp/libc_nano.a(lib_a-nano-msizer.o)
 .debug_info    0x000000000001e000      0xa7e /usr/lib/gcc/arm-none-eabi/12.2.1/../../../arm-none-eabi/lib/thumb/v7-m/nofp/libc_nano.a(lib_a-reent.o)
 .debug_info    0x000000000001ea7e       0x3c /usr/lib/gcc/arm-none-eabi/12.2.1/thumb/v7-m/nofp/libgcc.a(_arm_muldf3.o)
 .debug_info    0x000000000001eaba       0xc0 /usr/lib/gcc/arm-none-eabi/12.2.1/thumb/v7-m/nofp/libgcc.a(_arm_addsubdf3.o)
 .debug_info    0x000000000001eb7a       0x39 /usr/lib/gcc/arm-none-eabi/12.2.1/thumb/v7-m/nofp/libgcc.a(_arm_fixunsdfsi.o)

.debug_abbrev   0x0000000000000000     0x4a23
 .debug_abbrev  0x0000000000000000      0x2b0 build/main.o
 .debug_abbrev  0x00000000000002b0      0x14e build/gpio.o
 .debug_abbrev  0x00000000000003fe      0x190 build/stm32f1xx_it.o
 .debug_abbrev  0x000000000000058e       0xe7 build/stm32f1xx_hal_msp.o
 .debug_abbrev  0x0000000000000675      0x2bd build/stm32f1xx_hal_tim.o
 .debug_abbrev  0x0000000000000932      0x2b7 build/stm32f1xx_hal_tim_ex.o
 .debug_abbrev  0x0000000000000be9      0x232 build/stm32f1xx_hal.o
 .debug_abbrev  0x0000000000000e1b      0x2d6 build/stm32f1xx_hal_rcc.o
 .debug_abbrev  0x00000000000010f1      0x1d4 build/stm32f1xx_hal_rcc_ex.o
 .debug_abbrev  0x00000000000012c5      0x222 build/stm32f1xx_hal_gpio.o
 .debug_abbrev  0x00000000000014e7      0x3aa build/stm32f1xx_hal_cortex.o
 .debug_abbrev  0x0000000000001891      0x140 build/system_stm32f1xx.o
 .debug_abbrev  0x00000000000019d1       0xeb build/sysmem.o
 .debug_abbrev  0x0000000000001abc      0x1fd build/usart.o
 .debug_abbrev  0x0000000000001cb9      0x35f build/stm32f1xx_hal_uart.o
 .debug_abbrev  0x0000000000002018      0x1f6 build/adc.o
 .debug_abbrev  0x000000000000220e      0x21c build/i2c.o
 .debug_abbrev  0x000000000000242a      0x28d build/tim.o
 .debug_abbrev  0x00000000000026b7      0x282 build/stm32f1xx_hal_adc.o
 .debug_abbrev  0x0000000000002939      0x31e build/stm32f1xx_hal_i2c.o
 .debug_abbrev  0x0000000000002c57      0x1cc build/hc-sr04.o
 .debug_abbrev  0x0000000000002e23       0x1d build/startup_stm32f103xb.o
 .debug_abbrev  0x0000000000002e40      0x157 /usr/lib/gcc/arm-none-eabi/12.2.1/../../../arm-none-eabi/lib/thumb/v7-m/nofp/libc_nano.a(lib_a-errno.o)
 .debug_abbrev  0x0000000000002f97      0x151 /usr/lib/gcc/arm-none-eabi/12.2.1/../../../arm-none-eabi/lib/thumb/v7-m/nofp/libc_nano.a(lib_a-impure.o)
 .debug_abbrev  0x00000000000030e8       0xcc /usr/lib/gcc/arm-none-eabi/12.2.1/../../../arm-none-eabi/lib/thumb/v7-m/nofp/libc_nano.a(lib_a-init.o)
 .debug_abbrev  0x00000000000031b4       0xb4 /usr/lib/gcc/arm-none-eabi/12.2.1/../../../arm-none-eabi/lib/thumb/v7-m/nofp/libc_nano.a(lib_a-memset.o)
 .debug_abbrev  0x0000000000003268      0x213 /usr/lib/gcc/arm-none-eabi/12.2.1/../../../arm-none-eabi/lib/thumb/v7-m/nofp/libc_nano.a(lib_a-sprintf.o)
 .debug_abbrev  0x000000000000347b       0x79 /usr/lib/gcc/arm-none-eabi/12.2.1/../../../arm-none-eabi/lib/thumb/v7-m/nofp/libc_nano.a(lib_a-strlen-stub.o)
 .debug_abbrev  0x00000000000034f4      0x2ca /usr/lib/gcc/arm-none-eabi/12.2.1/../../../arm-none-eabi/lib/thumb/v7-m/nofp/libc_nano.a(lib_a-nano-svfprintf.o)
 .debug_abbrev  0x00000000000037be      0x25c /usr/lib/gcc/arm-none-eabi/12.2.1/../../../arm-none-eabi/lib/thumb/v7-m/nofp/libc_nano.a(lib_a-nano-vfprintf_i.o)
 .debug_abbrev  0x0000000000003a1a       0xd4 /usr/lib/gcc/arm-none-eabi/12.2.1/../../../arm-none-eabi/lib/thumb/v7-m/nofp/libc_nano.a(lib_a-memchr-stub.o)
 .debug_abbrev  0x0000000000003aee       0x14 /usr/lib/gcc/arm-none-eabi/12.2.1/../../../arm-none-eabi/lib/thumb/v7-m/nofp/libc_nano.a(lib_a-memcpy.o)
 .debug_abbrev  0x0000000000003b02       0xc0 /usr/lib/gcc/arm-none-eabi/12.2.1/../../../arm-none-eabi/lib/thumb/v7-m/nofp/libc_nano.a(lib_a-memmove.o)
 .debug_abbrev  0x0000000000003bc2      0x245 /usr/lib/gcc/arm-none-eabi/12.2.1/../../../arm-none-eabi/lib/thumb/v7-m/nofp/libc_nano.a(lib_a-nano-freer.o)
 .debug_abbrev  0x0000000000003e07      0x290 /usr/lib/gcc/arm-none-eabi/12.2.1/../../../arm-none-eabi/lib/thumb/v7-m/nofp/libc_nano.a(lib_a-nano-mallocr.o)
 .debug_abbrev  0x0000000000004097      0x1d6 /usr/lib/gcc/arm-none-eabi/12.2.1/../../../arm-none-eabi/lib/thumb/v7-m/nofp/libc_nano.a(lib_a-nano-reallocr.o)
 .debug_abbrev  0x000000000000426d      0x1d6 /usr/lib/gcc/arm-none-eabi/12.2.1/../../../arm-none-eabi/lib/thumb/v7-m/nofp/libc_nano.a(lib_a-sbrkr.o)
 .debug_abbrev  0x0000000000004443      0x189 /usr/lib/gcc/arm-none-eabi/12.2.1/../../../arm-none-eabi/lib/thumb/v7-m/nofp/libc_nano.a(lib_a-mlock.o)
 .debug_abbrev  0x00000000000045cc      0x191 /usr/lib/gcc/arm-none-eabi/12.2.1/../../../arm-none-eabi/lib/thumb/v7-m/nofp/libc_nano.a(lib_a-nano-msizer.o)
 .debug_abbrev  0x000000000000475d      0x265 /usr/lib/gcc/arm-none-eabi/12.2.1/../../../arm-none-eabi/lib/thumb/v7-m/nofp/libc_nano.a(lib_a-reent.o)
 .debug_abbrev  0x00000000000049c2       0x1f /usr/lib/gcc/arm-none-eabi/12.2.1/thumb/v7-m/nofp/libgcc.a(_arm_muldf3.o)
 .debug_abbrev  0x00000000000049e1       0x21 /usr/lib/gcc/arm-none-eabi/12.2.1/thumb/v7-m/nofp/libgcc.a(_arm_addsubdf3.o)
 .debug_abbrev  0x0000000000004a02       0x21 /usr/lib/gcc/arm-none-eabi/12.2.1/thumb/v7-m/nofp/libgcc.a(_arm_fixunsdfsi.o)

.debug_loc      0x0000000000000000    0x16ecd
 .debug_loc     0x0000000000000000       0x95 build/main.o
 .debug_loc     0x0000000000000095       0x38 build/gpio.o
 .debug_loc     0x00000000000000cd       0x40 build/stm32f1xx_it.o
 .debug_loc     0x000000000000010d       0x41 build/stm32f1xx_hal_msp.o
 .debug_loc     0x000000000000014e     0x5cca build/stm32f1xx_hal_tim.o
 .debug_loc     0x0000000000005e18     0x2117 build/stm32f1xx_hal_tim_ex.o
 .debug_loc     0x0000000000007f2f      0x1e1 build/stm32f1xx_hal.o
 .debug_loc     0x0000000000008110      0x790 build/stm32f1xx_hal_rcc.o
 .debug_loc     0x00000000000088a0      0x495 build/stm32f1xx_hal_rcc_ex.o
 .debug_loc     0x0000000000008d35      0x53c build/stm32f1xx_hal_gpio.o
 .debug_loc     0x0000000000009271      0x782 build/stm32f1xx_hal_cortex.o
 .debug_loc     0x00000000000099f3       0xff build/system_stm32f1xx.o
 .debug_loc     0x0000000000009af2       0x84 build/sysmem.o
 .debug_loc     0x0000000000009b76      0x162 build/usart.o
 .debug_loc     0x0000000000009cd8     0x4ece build/stm32f1xx_hal_uart.o
 .debug_loc     0x000000000000eba6      0x12c build/adc.o
 .debug_loc     0x000000000000ecd2      0x12e build/i2c.o
 .debug_loc     0x000000000000ee00      0x1f9 build/tim.o
 .debug_loc     0x000000000000eff9      0xe64 build/stm32f1xx_hal_adc.o
 .debug_loc     0x000000000000fe5d     0x4df9 build/stm32f1xx_hal_i2c.o
 .debug_loc     0x0000000000014c56       0x35 build/hc-sr04.o
 .debug_loc     0x0000000000014c8b       0xba /usr/lib/gcc/arm-none-eabi/12.2.1/../../../arm-none-eabi/lib/thumb/v7-m/nofp/libc_nano.a(lib_a-init.o)
 .debug_loc     0x0000000000014d45      0x22c /usr/lib/gcc/arm-none-eabi/12.2.1/../../../arm-none-eabi/lib/thumb/v7-m/nofp/libc_nano.a(lib_a-memset.o)
 .debug_loc     0x0000000000014f71       0xb3 /usr/lib/gcc/arm-none-eabi/12.2.1/../../../arm-none-eabi/lib/thumb/v7-m/nofp/libc_nano.a(lib_a-sprintf.o)
 .debug_loc     0x0000000000015024       0x25 /usr/lib/gcc/arm-none-eabi/12.2.1/../../../arm-none-eabi/lib/thumb/v7-m/nofp/libc_nano.a(lib_a-strlen-stub.o)
 .debug_loc     0x0000000000015049      0x84a /usr/lib/gcc/arm-none-eabi/12.2.1/../../../arm-none-eabi/lib/thumb/v7-m/nofp/libc_nano.a(lib_a-nano-svfprintf.o)
 .debug_loc     0x0000000000015893      0x6c8 /usr/lib/gcc/arm-none-eabi/12.2.1/../../../arm-none-eabi/lib/thumb/v7-m/nofp/libc_nano.a(lib_a-nano-vfprintf_i.o)
 .debug_loc     0x0000000000015f5b      0x1f6 /usr/lib/gcc/arm-none-eabi/12.2.1/../../../arm-none-eabi/lib/thumb/v7-m/nofp/libc_nano.a(lib_a-memchr-stub.o)
 .debug_loc     0x0000000000016151      0x331 /usr/lib/gcc/arm-none-eabi/12.2.1/../../../arm-none-eabi/lib/thumb/v7-m/nofp/libc_nano.a(lib_a-memmove.o)
 .debug_loc     0x0000000000016482      0x27f /usr/lib/gcc/arm-none-eabi/12.2.1/../../../arm-none-eabi/lib/thumb/v7-m/nofp/libc_nano.a(lib_a-nano-freer.o)
 .debug_loc     0x0000000000016701      0x3da /usr/lib/gcc/arm-none-eabi/12.2.1/../../../arm-none-eabi/lib/thumb/v7-m/nofp/libc_nano.a(lib_a-nano-mallocr.o)
 .debug_loc     0x0000000000016adb      0x133 /usr/lib/gcc/arm-none-eabi/12.2.1/../../../arm-none-eabi/lib/thumb/v7-m/nofp/libc_nano.a(lib_a-nano-reallocr.o)
 .debug_loc     0x0000000000016c0e       0x6c /usr/lib/gcc/arm-none-eabi/12.2.1/../../../arm-none-eabi/lib/thumb/v7-m/nofp/libc_nano.a(lib_a-sbrkr.o)
 .debug_loc     0x0000000000016c7a       0x86 /usr/lib/gcc/arm-none-eabi/12.2.1/../../../arm-none-eabi/lib/thumb/v7-m/nofp/libc_nano.a(lib_a-nano-msizer.o)
 .debug_loc     0x0000000000016d00      0x1cd /usr/lib/gcc/arm-none-eabi/12.2.1/../../../arm-none-eabi/lib/thumb/v7-m/nofp/libc_nano.a(lib_a-reent.o)

.debug_aranges  0x0000000000000000     0x1278
 .debug_aranges
                0x0000000000000000       0x30 build/main.o
 .debug_aranges
                0x0000000000000030       0x20 build/gpio.o
 .debug_aranges
                0x0000000000000050       0x68 build/stm32f1xx_it.o
 .debug_aranges
                0x00000000000000b8       0x20 build/stm32f1xx_hal_msp.o
 .debug_aranges
                0x00000000000000d8      0x3d0 build/stm32f1xx_hal_tim.o
 .debug_aranges
                0x00000000000004a8      0x168 build/stm32f1xx_hal_tim_ex.o
 .debug_aranges
                0x0000000000000610       0xe0 build/stm32f1xx_hal.o
 .debug_aranges
                0x00000000000006f0       0x90 build/stm32f1xx_hal_rcc.o
 .debug_aranges
                0x0000000000000780       0x30 build/stm32f1xx_hal_rcc_ex.o
 .debug_aranges
                0x00000000000007b0       0x58 build/stm32f1xx_hal_gpio.o
 .debug_aranges
                0x0000000000000808       0xc0 build/stm32f1xx_hal_cortex.o
 .debug_aranges
                0x00000000000008c8       0x28 build/system_stm32f1xx.o
 .debug_aranges
                0x00000000000008f0       0x20 build/sysmem.o
 .debug_aranges
                0x0000000000000910       0x38 build/usart.o
 .debug_aranges
                0x0000000000000948      0x208 build/stm32f1xx_hal_uart.o
 .debug_aranges
                0x0000000000000b50       0x30 build/adc.o
 .debug_aranges
                0x0000000000000b80       0x30 build/i2c.o
 .debug_aranges
                0x0000000000000bb0       0x50 build/tim.o
 .debug_aranges
                0x0000000000000c00       0xf0 build/stm32f1xx_hal_adc.o
 .debug_aranges
                0x0000000000000cf0      0x2a8 build/stm32f1xx_hal_i2c.o
 .debug_aranges
                0x0000000000000f98       0x20 build/hc-sr04.o
 .debug_aranges
                0x0000000000000fb8       0x28 build/startup_stm32f103xb.o
 .debug_aranges
                0x0000000000000fe0       0x20 /usr/lib/gcc/arm-none-eabi/12.2.1/../../../arm-none-eabi/lib/thumb/v7-m/nofp/libc_nano.a(lib_a-errno.o)
 .debug_aranges
                0x0000000000001000       0x18 /usr/lib/gcc/arm-none-eabi/12.2.1/../../../arm-none-eabi/lib/thumb/v7-m/nofp/libc_nano.a(lib_a-impure.o)
 .debug_aranges
                0x0000000000001018       0x20 /usr/lib/gcc/arm-none-eabi/12.2.1/../../../arm-none-eabi/lib/thumb/v7-m/nofp/libc_nano.a(lib_a-init.o)
 .debug_aranges
                0x0000000000001038       0x20 /usr/lib/gcc/arm-none-eabi/12.2.1/../../../arm-none-eabi/lib/thumb/v7-m/nofp/libc_nano.a(lib_a-memset.o)
 .debug_aranges
                0x0000000000001058       0x20 /usr/lib/gcc/arm-none-eabi/12.2.1/../../../arm-none-eabi/lib/thumb/v7-m/nofp/libc_nano.a(lib_a-sprintf.o)
 .debug_aranges
                0x0000000000001078       0x20 /usr/lib/gcc/arm-none-eabi/12.2.1/../../../arm-none-eabi/lib/thumb/v7-m/nofp/libc_nano.a(lib_a-strlen-stub.o)
 .debug_aranges
                0x0000000000001098       0x20 /usr/lib/gcc/arm-none-eabi/12.2.1/../../../arm-none-eabi/lib/thumb/v7-m/nofp/libc_nano.a(lib_a-nano-svfprintf.o)
 .debug_aranges
                0x00000000000010b8       0x20 /usr/lib/gcc/arm-none-eabi/12.2.1/../../../arm-none-eabi/lib/thumb/v7-m/nofp/libc_nano.a(lib_a-nano-vfprintf_i.o)
 .debug_aranges
                0x00000000000010d8       0x20 /usr/lib/gcc/arm-none-eabi/12.2.1/../../../arm-none-eabi/lib/thumb/v7-m/nofp/libc_nano.a(lib_a-memchr-stub.o)
 .debug_aranges
                0x00000000000010f8       0x20 /usr/lib/gcc/arm-none-eabi/12.2.1/../../../arm-none-eabi/lib/thumb/v7-m/nofp/libc_nano.a(lib_a-memcpy.o)
 .debug_aranges
                0x0000000000001118       0x20 /usr/lib/gcc/arm-none-eabi/12.2.1/../../../arm-none-eabi/lib/thumb/v7-m/nofp/libc_nano.a(lib_a-memmove.o)
 .debug_aranges
                0x0000000000001138       0x20 /usr/lib/gcc/arm-none-eabi/12.2.1/../../../arm-none-eabi/lib/thumb/v7-m/nofp/libc_nano.a(lib_a-nano-freer.o)
 .debug_aranges
                0x0000000000001158       0x20 /usr/lib/gcc/arm-none-eabi/12.2.1/../../../arm-none-eabi/lib/thumb/v7-m/nofp/libc_nano.a(lib_a-nano-mallocr.o)
 .debug_aranges
                0x0000000000001178       0x20 /usr/lib/gcc/arm-none-eabi/12.2.1/../../../arm-none-eabi/lib/thumb/v7-m/nofp/libc_nano.a(lib_a-nano-reallocr.o)
 .debug_aranges
                0x0000000000001198       0x20 /usr/lib/gcc/arm-none-eabi/12.2.1/../../../arm-none-eabi/lib/thumb/v7-m/nofp/libc_nano.a(lib_a-sbrkr.o)
 .debug_aranges
                0x00000000000011b8       0x20 /usr/lib/gcc/arm-none-eabi/12.2.1/../../../arm-none-eabi/lib/thumb/v7-m/nofp/libc_nano.a(lib_a-mlock.o)
 .debug_aranges
                0x00000000000011d8       0x20 /usr/lib/gcc/arm-none-eabi/12.2.1/../../../arm-none-eabi/lib/thumb/v7-m/nofp/libc_nano.a(lib_a-nano-msizer.o)
 .debug_aranges
                0x00000000000011f8       0x20 /usr/lib/gcc/arm-none-eabi/12.2.1/../../../arm-none-eabi/lib/thumb/v7-m/nofp/libc_nano.a(lib_a-reent.o)
 .debug_aranges
                0x0000000000001218       0x20 /usr/lib/gcc/arm-none-eabi/12.2.1/thumb/v7-m/nofp/libgcc.a(_arm_muldf3.o)
 .debug_aranges
                0x0000000000001238       0x20 /usr/lib/gcc/arm-none-eabi/12.2.1/thumb/v7-m/nofp/libgcc.a(_arm_addsubdf3.o)
 .debug_aranges
                0x0000000000001258       0x20 /usr/lib/gcc/arm-none-eabi/12.2.1/thumb/v7-m/nofp/libgcc.a(_arm_fixunsdfsi.o)

.debug_ranges   0x0000000000000000     0x1048
 .debug_ranges  0x0000000000000000       0x20 build/main.o
 .debug_ranges  0x0000000000000020       0x10 build/gpio.o
 .debug_ranges  0x0000000000000030       0x58 build/stm32f1xx_it.o
 .debug_ranges  0x0000000000000088       0x10 build/stm32f1xx_hal_msp.o
 .debug_ranges  0x0000000000000098      0x3c0 build/stm32f1xx_hal_tim.o
 .debug_ranges  0x0000000000000458      0x158 build/stm32f1xx_hal_tim_ex.o
 .debug_ranges  0x00000000000005b0       0xd0 build/stm32f1xx_hal.o
 .debug_ranges  0x0000000000000680       0xa0 build/stm32f1xx_hal_rcc.o
 .debug_ranges  0x0000000000000720       0x38 build/stm32f1xx_hal_rcc_ex.o
 .debug_ranges  0x0000000000000758       0x48 build/stm32f1xx_hal_gpio.o
 .debug_ranges  0x00000000000007a0       0xb0 build/stm32f1xx_hal_cortex.o
 .debug_ranges  0x0000000000000850       0x18 build/system_stm32f1xx.o
 .debug_ranges  0x0000000000000868       0x10 build/sysmem.o
 .debug_ranges  0x0000000000000878       0x28 build/usart.o
 .debug_ranges  0x00000000000008a0      0x210 build/stm32f1xx_hal_uart.o
 .debug_ranges  0x0000000000000ab0       0x20 build/adc.o
 .debug_ranges  0x0000000000000ad0       0x20 build/i2c.o
 .debug_ranges  0x0000000000000af0       0x40 build/tim.o
 .debug_ranges  0x0000000000000b30       0xe0 build/stm32f1xx_hal_adc.o
 .debug_ranges  0x0000000000000c10      0x2b0 build/stm32f1xx_hal_i2c.o
 .debug_ranges  0x0000000000000ec0       0x10 build/hc-sr04.o
 .debug_ranges  0x0000000000000ed0       0x20 build/startup_stm32f103xb.o
 .debug_ranges  0x0000000000000ef0       0x10 /usr/lib/gcc/arm-none-eabi/12.2.1/../../../arm-none-eabi/lib/thumb/v7-m/nofp/libc_nano.a(lib_a-strlen-stub.o)
 .debug_ranges  0x0000000000000f00       0x50 /usr/lib/gcc/arm-none-eabi/12.2.1/../../../arm-none-eabi/lib/thumb/v7-m/nofp/libc_nano.a(lib_a-nano-svfprintf.o)
 .debug_ranges  0x0000000000000f50       0xa8 /usr/lib/gcc/arm-none-eabi/12.2.1/../../../arm-none-eabi/lib/thumb/v7-m/nofp/libc_nano.a(lib_a-nano-vfprintf_i.o)
 .debug_ranges  0x0000000000000ff8       0x18 /usr/lib/gcc/arm-none-eabi/12.2.1/../../../arm-none-eabi/lib/thumb/v7-m/nofp/libc_nano.a(lib_a-nano-freer.o)
 .debug_ranges  0x0000000000001010       0x38 /usr/lib/gcc/arm-none-eabi/12.2.1/../../../arm-none-eabi/lib/thumb/v7-m/nofp/libc_nano.a(lib_a-nano-mallocr.o)

.debug_line     0x0000000000000000    0x16f9f
 .debug_line    0x0000000000000000      0x360 build/main.o
 .debug_line    0x0000000000000360      0x187 build/gpio.o
 .debug_line    0x00000000000004e7      0x248 build/stm32f1xx_it.o
 .debug_line    0x000000000000072f       0xd7 build/stm32f1xx_hal_msp.o
 .debug_line    0x0000000000000806     0x4862 build/stm32f1xx_hal_tim.o
 .debug_line    0x0000000000005068     0x1bad build/stm32f1xx_hal_tim_ex.o
 .debug_line    0x0000000000006c15      0x489 build/stm32f1xx_hal.o
 .debug_line    0x000000000000709e      0xb71 build/stm32f1xx_hal_rcc.o
 .debug_line    0x0000000000007c0f      0x3e6 build/stm32f1xx_hal_rcc_ex.o
 .debug_line    0x0000000000007ff5      0x506 build/stm32f1xx_hal_gpio.o
 .debug_line    0x00000000000084fb      0x62c build/stm32f1xx_hal_cortex.o
 .debug_line    0x0000000000008b27      0x1a1 build/system_stm32f1xx.o
 .debug_line    0x0000000000008cc8       0xf9 build/sysmem.o
 .debug_line    0x0000000000008dc1      0x317 build/usart.o
 .debug_line    0x00000000000090d8     0x4307 build/stm32f1xx_hal_uart.o
 .debug_line    0x000000000000d3df      0x25a build/adc.o
 .debug_line    0x000000000000d639      0x240 build/i2c.o
 .debug_line    0x000000000000d879      0x3cf build/tim.o
 .debug_line    0x000000000000dc48      0xe2e build/stm32f1xx_hal_adc.o
 .debug_line    0x000000000000ea76     0x558d build/stm32f1xx_hal_i2c.o
 .debug_line    0x0000000000014003      0x1bd build/hc-sr04.o
 .debug_line    0x00000000000141c0       0x74 build/startup_stm32f103xb.o
 .debug_line    0x0000000000014234      0x109 /usr/lib/gcc/arm-none-eabi/12.2.1/../../../arm-none-eabi/lib/thumb/v7-m/nofp/libc_nano.a(lib_a-errno.o)
 .debug_line    0x000000000001433d       0xe4 /usr/lib/gcc/arm-none-eabi/12.2.1/../../../arm-none-eabi/lib/thumb/v7-m/nofp/libc_nano.a(lib_a-impure.o)
 .debug_line    0x0000000000014421      0x13f /usr/lib/gcc/arm-none-eabi/12.2.1/../../../arm-none-eabi/lib/thumb/v7-m/nofp/libc_nano.a(lib_a-init.o)
 .debug_line    0x0000000000014560      0x1bf /usr/lib/gcc/arm-none-eabi/12.2.1/../../../arm-none-eabi/lib/thumb/v7-m/nofp/libc_nano.a(lib_a-memset.o)
 .debug_line    0x000000000001471f      0x218 /usr/lib/gcc/arm-none-eabi/12.2.1/../../../arm-none-eabi/lib/thumb/v7-m/nofp/libc_nano.a(lib_a-sprintf.o)
 .debug_line    0x0000000000014937       0xf4 /usr/lib/gcc/arm-none-eabi/12.2.1/../../../arm-none-eabi/lib/thumb/v7-m/nofp/libc_nano.a(lib_a-strlen-stub.o)
 .debug_line    0x0000000000014a2b      0x850 /usr/lib/gcc/arm-none-eabi/12.2.1/../../../arm-none-eabi/lib/thumb/v7-m/nofp/libc_nano.a(lib_a-nano-svfprintf.o)
 .debug_line    0x000000000001527b      0x75e /usr/lib/gcc/arm-none-eabi/12.2.1/../../../arm-none-eabi/lib/thumb/v7-m/nofp/libc_nano.a(lib_a-nano-vfprintf_i.o)
 .debug_line    0x00000000000159d9      0x1d0 /usr/lib/gcc/arm-none-eabi/12.2.1/../../../arm-none-eabi/lib/thumb/v7-m/nofp/libc_nano.a(lib_a-memchr-stub.o)
 .debug_line    0x0000000000015ba9       0xc1 /usr/lib/gcc/arm-none-eabi/12.2.1/../../../arm-none-eabi/lib/thumb/v7-m/nofp/libc_nano.a(lib_a-memcpy.o)
 .debug_line    0x0000000000015c6a      0x206 /usr/lib/gcc/arm-none-eabi/12.2.1/../../../arm-none-eabi/lib/thumb/v7-m/nofp/libc_nano.a(lib_a-memmove.o)
 .debug_line    0x0000000000015e70      0x2e5 /usr/lib/gcc/arm-none-eabi/12.2.1/../../../arm-none-eabi/lib/thumb/v7-m/nofp/libc_nano.a(lib_a-nano-freer.o)
 .debug_line    0x0000000000016155      0x2d6 /usr/lib/gcc/arm-none-eabi/12.2.1/../../../arm-none-eabi/lib/thumb/v7-m/nofp/libc_nano.a(lib_a-nano-mallocr.o)
 .debug_line    0x000000000001642b      0x1c7 /usr/lib/gcc/arm-none-eabi/12.2.1/../../../arm-none-eabi/lib/thumb/v7-m/nofp/libc_nano.a(lib_a-nano-reallocr.o)
 .debug_line    0x00000000000165f2      0x186 /usr/lib/gcc/arm-none-eabi/12.2.1/../../../arm-none-eabi/lib/thumb/v7-m/nofp/libc_nano.a(lib_a-sbrkr.o)
 .debug_line    0x0000000000016778      0x13e /usr/lib/gcc/arm-none-eabi/12.2.1/../../../arm-none-eabi/lib/thumb/v7-m/nofp/libc_nano.a(lib_a-mlock.o)
 .debug_line    0x00000000000168b6      0x160 /usr/lib/gcc/arm-none-eabi/12.2.1/../../../arm-none-eabi/lib/thumb/v7-m/nofp/libc_nano.a(lib_a-nano-msizer.o)
 .debug_line    0x0000000000016a16      0x2c7 /usr/lib/gcc/arm-none-eabi/12.2.1/../../../arm-none-eabi/lib/thumb/v7-m/nofp/libc_nano.a(lib_a-reent.o)
 .debug_line    0x0000000000016cdd       0xf5 /usr/lib/gcc/arm-none-eabi/12.2.1/thumb/v7-m/nofp/libgcc.a(_arm_muldf3.o)
 .debug_line    0x0000000000016dd2      0x16f /usr/lib/gcc/arm-none-eabi/12.2.1/thumb/v7-m/nofp/libgcc.a(_arm_addsubdf3.o)
 .debug_line    0x0000000000016f41       0x5e /usr/lib/gcc/arm-none-eabi/12.2.1/thumb/v7-m/nofp/libgcc.a(_arm_fixunsdfsi.o)

.debug_str      0x0000000000000000     0x560f
 .debug_str     0x0000000000000000      0x79e build/main.o
                                        0x842 (size before relaxing)
 .debug_str     0x000000000000079e       0xdd build/gpio.o
                                        0x23f (size before relaxing)
 .debug_str     0x000000000000087b      0x37f build/stm32f1xx_it.o
                                        0x6d2 (size before relaxing)
 .debug_str     0x0000000000000bfa       0x57 build/stm32f1xx_hal_msp.o
                                        0x1de (size before relaxing)
 .debug_str     0x0000000000000c51      0xf61 build/stm32f1xx_hal_tim.o
                                       0x1629 (size before relaxing)
 .debug_str     0x0000000000001bb2      0x55b build/stm32f1xx_hal_tim_ex.o
                                        0xe45 (size before relaxing)
 .debug_str     0x000000000000210d      0x5f3 build/stm32f1xx_hal.o
                                        0x7ed (size before relaxing)
 .debug_str     0x0000000000002700      0x1fe build/stm32f1xx_hal_rcc.o
                                        0x5d5 (size before relaxing)
 .debug_str     0x00000000000028fe       0x9c build/stm32f1xx_hal_rcc_ex.o
                                        0x388 (size before relaxing)
 .debug_str     0x000000000000299a      0x119 build/stm32f1xx_hal_gpio.o
                                        0x3b4 (size before relaxing)
 .debug_str     0x0000000000002ab3      0x3ae build/stm32f1xx_hal_cortex.o
                                        0x87e (size before relaxing)
 .debug_str     0x0000000000002e61       0x4f build/system_stm32f1xx.o
                                        0x209 (size before relaxing)
 .debug_str     0x0000000000002eb0       0x7a build/sysmem.o
                                        0x1cd (size before relaxing)
 .debug_str     0x0000000000002f2a       0x55 build/usart.o
                                        0x697 (size before relaxing)
 .debug_str     0x0000000000002f7f      0x61b build/stm32f1xx_hal_uart.o
                                        0xc9e (size before relaxing)
 .debug_str     0x000000000000359a      0x199 build/adc.o
                                        0x5e5 (size before relaxing)
 .debug_str     0x0000000000003733      0x2a0 build/i2c.o
                                        0x71e (size before relaxing)
 .debug_str     0x00000000000039d3       0x5a build/tim.o
                                        0xc47 (size before relaxing)
 .debug_str     0x0000000000003a2d      0x2f2 build/stm32f1xx_hal_adc.o
                                        0x88f (size before relaxing)
 .debug_str     0x0000000000003d1f      0x8a2 build/stm32f1xx_hal_i2c.o
                                        0xf6f (size before relaxing)
 .debug_str     0x00000000000045c1       0x3f build/hc-sr04.o
                                        0x6be (size before relaxing)
 .debug_str     0x0000000000004600       0x30 build/startup_stm32f103xb.o
                                         0x53 (size before relaxing)
 .debug_str     0x0000000000004630      0x3ff /usr/lib/gcc/arm-none-eabi/12.2.1/../../../arm-none-eabi/lib/thumb/v7-m/nofp/libc_nano.a(lib_a-errno.o)
                                        0x4ff (size before relaxing)
 .debug_str     0x0000000000004a2f       0xee /usr/lib/gcc/arm-none-eabi/12.2.1/../../../arm-none-eabi/lib/thumb/v7-m/nofp/libc_nano.a(lib_a-impure.o)
                                        0x556 (size before relaxing)
 .debug_str     0x0000000000004b1d       0xf2 /usr/lib/gcc/arm-none-eabi/12.2.1/../../../arm-none-eabi/lib/thumb/v7-m/nofp/libc_nano.a(lib_a-init.o)
                                        0x203 (size before relaxing)
 .debug_str     0x0000000000004c0f       0xa6 /usr/lib/gcc/arm-none-eabi/12.2.1/../../../arm-none-eabi/lib/thumb/v7-m/nofp/libc_nano.a(lib_a-memset.o)
                                        0x1b8 (size before relaxing)
 .debug_str     0x0000000000004cb5       0xc7 /usr/lib/gcc/arm-none-eabi/12.2.1/../../../arm-none-eabi/lib/thumb/v7-m/nofp/libc_nano.a(lib_a-sprintf.o)
                                        0x544 (size before relaxing)
 .debug_str     0x0000000000004d7c       0xa4 /usr/lib/gcc/arm-none-eabi/12.2.1/../../../arm-none-eabi/lib/thumb/v7-m/nofp/libc_nano.a(lib_a-strlen-stub.o)
                                        0x1b6 (size before relaxing)
 .debug_str     0x0000000000004e20      0x29a /usr/lib/gcc/arm-none-eabi/12.2.1/../../../arm-none-eabi/lib/thumb/v7-m/nofp/libc_nano.a(lib_a-nano-svfprintf.o)
                                        0x84d (size before relaxing)
 .debug_str     0x00000000000050ba       0x94 /usr/lib/gcc/arm-none-eabi/12.2.1/../../../arm-none-eabi/lib/thumb/v7-m/nofp/libc_nano.a(lib_a-nano-vfprintf_i.o)
                                        0x7e4 (size before relaxing)
 .debug_str     0x000000000000514e       0x5b /usr/lib/gcc/arm-none-eabi/12.2.1/../../../arm-none-eabi/lib/thumb/v7-m/nofp/libc_nano.a(lib_a-memchr-stub.o)
                                        0x1d0 (size before relaxing)
 .debug_str     0x00000000000051a9       0x4f /usr/lib/gcc/arm-none-eabi/12.2.1/../../../arm-none-eabi/lib/thumb/v7-m/nofp/libc_nano.a(lib_a-memcpy.o)
                                         0xb2 (size before relaxing)
 .debug_str     0x00000000000051f8       0x56 /usr/lib/gcc/arm-none-eabi/12.2.1/../../../arm-none-eabi/lib/thumb/v7-m/nofp/libc_nano.a(lib_a-memmove.o)
                                        0x1d7 (size before relaxing)
 .debug_str     0x000000000000524e      0x112 /usr/lib/gcc/arm-none-eabi/12.2.1/../../../arm-none-eabi/lib/thumb/v7-m/nofp/libc_nano.a(lib_a-nano-freer.o)
                                        0x58d (size before relaxing)
 .debug_str     0x0000000000005360       0x46 /usr/lib/gcc/arm-none-eabi/12.2.1/../../../arm-none-eabi/lib/thumb/v7-m/nofp/libc_nano.a(lib_a-nano-mallocr.o)
                                        0x5b8 (size before relaxing)
 .debug_str     0x00000000000053a6       0x23 /usr/lib/gcc/arm-none-eabi/12.2.1/../../../arm-none-eabi/lib/thumb/v7-m/nofp/libc_nano.a(lib_a-nano-reallocr.o)
                                        0x577 (size before relaxing)
 .debug_str     0x00000000000053c9       0x32 /usr/lib/gcc/arm-none-eabi/12.2.1/../../../arm-none-eabi/lib/thumb/v7-m/nofp/libc_nano.a(lib_a-sbrkr.o)
                                        0x50e (size before relaxing)
 .debug_str     0x00000000000053fb       0x4c /usr/lib/gcc/arm-none-eabi/12.2.1/../../../arm-none-eabi/lib/thumb/v7-m/nofp/libc_nano.a(lib_a-mlock.o)
                                        0x524 (size before relaxing)
 .debug_str     0x0000000000005447        0xf /usr/lib/gcc/arm-none-eabi/12.2.1/../../../arm-none-eabi/lib/thumb/v7-m/nofp/libc_nano.a(lib_a-nano-msizer.o)
                                        0x555 (size before relaxing)
 .debug_str     0x0000000000005456       0x5e /usr/lib/gcc/arm-none-eabi/12.2.1/../../../arm-none-eabi/lib/thumb/v7-m/nofp/libc_nano.a(lib_a-reent.o)
                                        0x536 (size before relaxing)
 .debug_str     0x00000000000054b4       0xa1 /usr/lib/gcc/arm-none-eabi/12.2.1/thumb/v7-m/nofp/libgcc.a(_arm_muldf3.o)
                                         0xba (size before relaxing)
 .debug_str     0x0000000000005555       0xad /usr/lib/gcc/arm-none-eabi/12.2.1/thumb/v7-m/nofp/libgcc.a(_arm_addsubdf3.o)
                                        0x15e (size before relaxing)
 .debug_str     0x0000000000005602        0xd /usr/lib/gcc/arm-none-eabi/12.2.1/thumb/v7-m/nofp/libgcc.a(_arm_fixunsdfsi.o)
                                         0xbf (size before relaxing)

.debug_frame    0x0000000000000000     0x30a4
 .debug_frame   0x0000000000000000       0x58 build/main.o
 .debug_frame   0x0000000000000058       0x38 build/gpio.o
 .debug_frame   0x0000000000000090       0xc0 build/stm32f1xx_it.o
 .debug_frame   0x0000000000000150       0x28 build/stm32f1xx_hal_msp.o
 .debug_frame   0x0000000000000178      0xb14 build/stm32f1xx_hal_tim.o
 .debug_frame   0x0000000000000c8c      0x40c build/stm32f1xx_hal_tim_ex.o
 .debug_frame   0x0000000000001098      0x1cc build/stm32f1xx_hal.o
 .debug_frame   0x0000000000001264      0x184 build/stm32f1xx_hal_rcc.o
 .debug_frame   0x00000000000013e8       0x5c build/stm32f1xx_hal_rcc_ex.o
 .debug_frame   0x0000000000001444       0xe4 build/stm32f1xx_hal_gpio.o
 .debug_frame   0x0000000000001528      0x19c build/stm32f1xx_hal_cortex.o
 .debug_frame   0x00000000000016c4       0x30 build/system_stm32f1xx.o
 .debug_frame   0x00000000000016f4       0x28 build/sysmem.o
 .debug_frame   0x000000000000171c       0x78 build/usart.o
 .debug_frame   0x0000000000001794      0x5d4 build/stm32f1xx_hal_uart.o
 .debug_frame   0x0000000000001d68       0x68 build/adc.o
 .debug_frame   0x0000000000001dd0       0x60 build/i2c.o
 .debug_frame   0x0000000000001e30       0xcc build/tim.o
 .debug_frame   0x0000000000001efc      0x2c8 build/stm32f1xx_hal_adc.o
 .debug_frame   0x00000000000021c4      0x984 build/stm32f1xx_hal_i2c.o
 .debug_frame   0x0000000000002b48       0x28 build/hc-sr04.o
 .debug_frame   0x0000000000002b70       0x20 /usr/lib/gcc/arm-none-eabi/12.2.1/../../../arm-none-eabi/lib/thumb/v7-m/nofp/libc_nano.a(lib_a-errno.o)
 .debug_frame   0x0000000000002b90       0x2c /usr/lib/gcc/arm-none-eabi/12.2.1/../../../arm-none-eabi/lib/thumb/v7-m/nofp/libc_nano.a(lib_a-init.o)
 .debug_frame   0x0000000000002bbc       0x2c /usr/lib/gcc/arm-none-eabi/12.2.1/../../../arm-none-eabi/lib/thumb/v7-m/nofp/libc_nano.a(lib_a-memset.o)
 .debug_frame   0x0000000000002be8       0x7c /usr/lib/gcc/arm-none-eabi/12.2.1/../../../arm-none-eabi/lib/thumb/v7-m/nofp/libc_nano.a(lib_a-sprintf.o)
 .debug_frame   0x0000000000002c64       0x20 /usr/lib/gcc/arm-none-eabi/12.2.1/../../../arm-none-eabi/lib/thumb/v7-m/nofp/libc_nano.a(lib_a-strlen-stub.o)
 .debug_frame   0x0000000000002c84       0x98 /usr/lib/gcc/arm-none-eabi/12.2.1/../../../arm-none-eabi/lib/thumb/v7-m/nofp/libc_nano.a(lib_a-nano-svfprintf.o)
 .debug_frame   0x0000000000002d1c       0x68 /usr/lib/gcc/arm-none-eabi/12.2.1/../../../arm-none-eabi/lib/thumb/v7-m/nofp/libc_nano.a(lib_a-nano-vfprintf_i.o)
 .debug_frame   0x0000000000002d84       0x28 /usr/lib/gcc/arm-none-eabi/12.2.1/../../../arm-none-eabi/lib/thumb/v7-m/nofp/libc_nano.a(lib_a-memchr-stub.o)
 .debug_frame   0x0000000000002dac       0x40 /usr/lib/gcc/arm-none-eabi/12.2.1/../../../arm-none-eabi/lib/thumb/v7-m/nofp/libc_nano.a(lib_a-memmove.o)
 .debug_frame   0x0000000000002dec       0x64 /usr/lib/gcc/arm-none-eabi/12.2.1/../../../arm-none-eabi/lib/thumb/v7-m/nofp/libc_nano.a(lib_a-nano-freer.o)
 .debug_frame   0x0000000000002e50       0x30 /usr/lib/gcc/arm-none-eabi/12.2.1/../../../arm-none-eabi/lib/thumb/v7-m/nofp/libc_nano.a(lib_a-nano-mallocr.o)
 .debug_frame   0x0000000000002e80       0x38 /usr/lib/gcc/arm-none-eabi/12.2.1/../../../arm-none-eabi/lib/thumb/v7-m/nofp/libc_nano.a(lib_a-nano-reallocr.o)
 .debug_frame   0x0000000000002eb8       0x2c /usr/lib/gcc/arm-none-eabi/12.2.1/../../../arm-none-eabi/lib/thumb/v7-m/nofp/libc_nano.a(lib_a-sbrkr.o)
 .debug_frame   0x0000000000002ee4       0x30 /usr/lib/gcc/arm-none-eabi/12.2.1/../../../arm-none-eabi/lib/thumb/v7-m/nofp/libc_nano.a(lib_a-mlock.o)
 .debug_frame   0x0000000000002f14       0x20 /usr/lib/gcc/arm-none-eabi/12.2.1/../../../arm-none-eabi/lib/thumb/v7-m/nofp/libc_nano.a(lib_a-nano-msizer.o)
 .debug_frame   0x0000000000002f34       0x70 /usr/lib/gcc/arm-none-eabi/12.2.1/../../../arm-none-eabi/lib/thumb/v7-m/nofp/libc_nano.a(lib_a-reent.o)
 .debug_frame   0x0000000000002fa4       0x30 /usr/lib/gcc/arm-none-eabi/12.2.1/thumb/v7-m/nofp/libgcc.a(_arm_muldf3.o)
 .debug_frame   0x0000000000002fd4       0xac /usr/lib/gcc/arm-none-eabi/12.2.1/thumb/v7-m/nofp/libgcc.a(_arm_addsubdf3.o)
 .debug_frame   0x0000000000003080       0x24 /usr/lib/gcc/arm-none-eabi/12.2.1/thumb/v7-m/nofp/libgcc.a(_arm_fixunsdfsi.o)

.debug_line_str
                0x0000000000000000       0x98
 .debug_line_str
                0x0000000000000000       0x98 /usr/lib/gcc/arm-none-eabi/12.2.1/thumb/v7-m/nofp/libgcc.a(_arm_muldf3.o)
 .debug_line_str
                0x0000000000000098       0x98 /usr/lib/gcc/arm-none-eabi/12.2.1/thumb/v7-m/nofp/libgcc.a(_arm_addsubdf3.o)
 .debug_line_str
                0x0000000000000098       0x98 /usr/lib/gcc/arm-none-eabi/12.2.1/thumb/v7-m/nofp/libgcc.a(_arm_fixunsdfsi.o)

Cross Reference Table

Symbol                                            File
ADC1_2_IRQHandler                                 build/startup_stm32f103xb.o
ADC_ConversionStop_Disable                        build/stm32f1xx_hal_adc.o
                                                  build/stm32f1xx_hal_adc_ex.o
ADC_DMAConvCplt                                   build/stm32f1xx_hal_adc.o
                                                  build/stm32f1xx_hal_adc_ex.o
ADC_DMAError                                      build/stm32f1xx_hal_adc.o
                                                  build/stm32f1xx_hal_adc_ex.o
ADC_DMAHalfConvCplt                               build/stm32f1xx_hal_adc.o
                                                  build/stm32f1xx_hal_adc_ex.o
ADC_Enable                                        build/stm32f1xx_hal_adc.o
                                                  build/stm32f1xx_hal_adc_ex.o
AHBPrescTable                                     build/system_stm32f1xx.o
                                                  build/stm32f1xx_hal_rcc.o
APBPrescTable                                     build/system_stm32f1xx.o
                                                  build/stm32f1xx_hal_rcc.o
BusFault_Handler                                  build/stm32f1xx_it.o
CAN1_RX1_IRQHandler                               build/startup_stm32f103xb.o
CAN1_SCE_IRQHandler                               build/startup_stm32f103xb.o
DMA1_Channel1_IRQHandler                          build/startup_stm32f103xb.o
DMA1_Channel2_IRQHandler                          build/startup_stm32f103xb.o
DMA1_Channel3_IRQHandler                          build/startup_stm32f103xb.o
DMA1_Channel4_IRQHandler                          build/startup_stm32f103xb.o
DMA1_Channel5_IRQHandler                          build/startup_stm32f103xb.o
DMA1_Channel6_IRQHandler                          build/startup_stm32f103xb.o
DMA1_Channel7_IRQHandler                          build/startup_stm32f103xb.o
DebugMon_Handler                                  build/stm32f1xx_it.o
Default_Handler                                   build/startup_stm32f103xb.o
EXTI0_IRQHandler                                  build/startup_stm32f103xb.o
EXTI15_10_IRQHandler                              build/startup_stm32f103xb.o
EXTI1_IRQHandler                                  build/startup_stm32f103xb.o
EXTI2_IRQHandler                                  build/startup_stm32f103xb.o
EXTI3_IRQHandler                                  build/startup_stm32f103xb.o
EXTI4_IRQHandler                                  build/startup_stm32f103xb.o
EXTI9_5_IRQHandler                                build/startup_stm32f103xb.o
Error_Handler                                     build/main.o
                                                  build/tim.o
                                                  build/i2c.o
                                                  build/adc.o
                                                  build/usart.o
FLASH_IRQHandler                                  build/startup_stm32f103xb.o
FLASH_PageErase                                   build/stm32f1xx_hal_flash_ex.o
                                                  build/stm32f1xx_hal_flash.o
FLASH_WaitForLastOperation                        build/stm32f1xx_hal_flash.o
                                                  build/stm32f1xx_hal_flash_ex.o
HAL_ADCEx_Calibration_Start                       build/stm32f1xx_hal_adc_ex.o
HAL_ADCEx_InjectedConfigChannel                   build/stm32f1xx_hal_adc_ex.o
HAL_ADCEx_InjectedConvCpltCallback                build/stm32f1xx_hal_adc_ex.o
                                                  build/stm32f1xx_hal_adc.o
HAL_ADCEx_InjectedGetValue                        build/stm32f1xx_hal_adc_ex.o
HAL_ADCEx_InjectedPollForConversion               build/stm32f1xx_hal_adc_ex.o
HAL_ADCEx_InjectedStart                           build/stm32f1xx_hal_adc_ex.o
HAL_ADCEx_InjectedStart_IT                        build/stm32f1xx_hal_adc_ex.o
HAL_ADCEx_InjectedStop                            build/stm32f1xx_hal_adc_ex.o
HAL_ADCEx_InjectedStop_IT                         build/stm32f1xx_hal_adc_ex.o
HAL_ADCEx_MultiModeConfigChannel                  build/stm32f1xx_hal_adc_ex.o
HAL_ADCEx_MultiModeGetValue                       build/stm32f1xx_hal_adc_ex.o
HAL_ADCEx_MultiModeStart_DMA                      build/stm32f1xx_hal_adc_ex.o
HAL_ADCEx_MultiModeStop_DMA                       build/stm32f1xx_hal_adc_ex.o
HAL_ADC_AnalogWDGConfig                           build/stm32f1xx_hal_adc.o
HAL_ADC_ConfigChannel                             build/stm32f1xx_hal_adc.o
                                                  build/adc.o
HAL_ADC_ConvCpltCallback                          build/stm32f1xx_hal_adc.o
HAL_ADC_ConvHalfCpltCallback                      build/stm32f1xx_hal_adc.o
HAL_ADC_DeInit                                    build/stm32f1xx_hal_adc.o
HAL_ADC_ErrorCallback                             build/stm32f1xx_hal_adc.o
HAL_ADC_GetError                                  build/stm32f1xx_hal_adc.o
HAL_ADC_GetState                                  build/stm32f1xx_hal_adc.o
HAL_ADC_GetValue                                  build/stm32f1xx_hal_adc.o
HAL_ADC_IRQHandler                                build/stm32f1xx_hal_adc.o
HAL_ADC_Init                                      build/stm32f1xx_hal_adc.o
                                                  build/adc.o
HAL_ADC_LevelOutOfWindowCallback                  build/stm32f1xx_hal_adc.o
HAL_ADC_MspDeInit                                 build/adc.o
HAL_ADC_MspInit                                   build/adc.o
HAL_ADC_PollForConversion                         build/stm32f1xx_hal_adc.o
HAL_ADC_PollForEvent                              build/stm32f1xx_hal_adc.o
HAL_ADC_Start                                     build/stm32f1xx_hal_adc.o
HAL_ADC_Start_DMA                                 build/stm32f1xx_hal_adc.o
HAL_ADC_Start_IT                                  build/stm32f1xx_hal_adc.o
HAL_ADC_Stop                                      build/stm32f1xx_hal_adc.o
HAL_ADC_Stop_DMA                                  build/stm32f1xx_hal_adc.o
HAL_ADC_Stop_IT                                   build/stm32f1xx_hal_adc.o
HAL_DBGMCU_DisableDBGSleepMode                    build/stm32f1xx_hal.o
HAL_DBGMCU_DisableDBGStandbyMode                  build/stm32f1xx_hal.o
HAL_DBGMCU_DisableDBGStopMode                     build/stm32f1xx_hal.o
HAL_DBGMCU_EnableDBGSleepMode                     build/stm32f1xx_hal.o
HAL_DBGMCU_EnableDBGStandbyMode                   build/stm32f1xx_hal.o
HAL_DBGMCU_EnableDBGStopMode                      build/stm32f1xx_hal.o
HAL_DMA_Abort                                     build/stm32f1xx_hal_dma.o
                                                  build/stm32f1xx_hal_adc_ex.o
                                                  build/stm32f1xx_hal_adc.o
                                                  build/stm32f1xx_hal_uart.o
HAL_DMA_Abort_IT                                  build/stm32f1xx_hal_dma.o
                                                  build/stm32f1xx_hal_i2c.o
                                                  build/stm32f1xx_hal_uart.o
                                                  build/stm32f1xx_hal_tim_ex.o
                                                  build/stm32f1xx_hal_tim.o
HAL_DMA_DeInit                                    build/stm32f1xx_hal_dma.o
HAL_DMA_GetError                                  build/stm32f1xx_hal_dma.o
                                                  build/stm32f1xx_hal_uart.o
HAL_DMA_GetState                                  build/stm32f1xx_hal_dma.o
                                                  build/stm32f1xx_hal_i2c.o
HAL_DMA_IRQHandler                                build/stm32f1xx_hal_dma.o
HAL_DMA_Init                                      build/stm32f1xx_hal_dma.o
HAL_DMA_PollForTransfer                           build/stm32f1xx_hal_dma.o
HAL_DMA_RegisterCallback                          build/stm32f1xx_hal_dma.o
HAL_DMA_Start                                     build/stm32f1xx_hal_dma.o
HAL_DMA_Start_IT                                  build/stm32f1xx_hal_dma.o
                                                  build/stm32f1xx_hal_i2c.o
                                                  build/stm32f1xx_hal_adc_ex.o
                                                  build/stm32f1xx_hal_adc.o
                                                  build/stm32f1xx_hal_uart.o
                                                  build/stm32f1xx_hal_tim_ex.o
                                                  build/stm32f1xx_hal_tim.o
HAL_DMA_UnRegisterCallback                        build/stm32f1xx_hal_dma.o
HAL_DeInit                                        build/stm32f1xx_hal.o
HAL_Delay                                         build/stm32f1xx_hal.o
                                                  build/hc-sr04.o
                                                  build/main.o
HAL_EXTI_ClearConfigLine                          build/stm32f1xx_hal_exti.o
HAL_EXTI_ClearPending                             build/stm32f1xx_hal_exti.o
HAL_EXTI_GenerateSWI                              build/stm32f1xx_hal_exti.o
HAL_EXTI_GetConfigLine                            build/stm32f1xx_hal_exti.o
HAL_EXTI_GetHandle                                build/stm32f1xx_hal_exti.o
HAL_EXTI_GetPending                               build/stm32f1xx_hal_exti.o
HAL_EXTI_IRQHandler                               build/stm32f1xx_hal_exti.o
HAL_EXTI_RegisterCallback                         build/stm32f1xx_hal_exti.o
HAL_EXTI_SetConfigLine                            build/stm32f1xx_hal_exti.o
HAL_FLASHEx_Erase                                 build/stm32f1xx_hal_flash_ex.o
HAL_FLASHEx_Erase_IT                              build/stm32f1xx_hal_flash_ex.o
HAL_FLASHEx_OBErase                               build/stm32f1xx_hal_flash_ex.o
HAL_FLASHEx_OBGetConfig                           build/stm32f1xx_hal_flash_ex.o
HAL_FLASHEx_OBGetUserData                         build/stm32f1xx_hal_flash_ex.o
HAL_FLASHEx_OBProgram                             build/stm32f1xx_hal_flash_ex.o
HAL_FLASH_EndOfOperationCallback                  build/stm32f1xx_hal_flash.o
HAL_FLASH_GetError                                build/stm32f1xx_hal_flash.o
HAL_FLASH_IRQHandler                              build/stm32f1xx_hal_flash.o
HAL_FLASH_Lock                                    build/stm32f1xx_hal_flash.o
HAL_FLASH_OB_Launch                               build/stm32f1xx_hal_flash.o
HAL_FLASH_OB_Lock                                 build/stm32f1xx_hal_flash.o
HAL_FLASH_OB_Unlock                               build/stm32f1xx_hal_flash.o
HAL_FLASH_OperationErrorCallback                  build/stm32f1xx_hal_flash.o
HAL_FLASH_Program                                 build/stm32f1xx_hal_flash.o
HAL_FLASH_Program_IT                              build/stm32f1xx_hal_flash.o
HAL_FLASH_Unlock                                  build/stm32f1xx_hal_flash.o
HAL_GPIOEx_ConfigEventout                         build/stm32f1xx_hal_gpio_ex.o
HAL_GPIOEx_DisableEventout                        build/stm32f1xx_hal_gpio_ex.o
HAL_GPIOEx_EnableEventout                         build/stm32f1xx_hal_gpio_ex.o
HAL_GPIO_DeInit                                   build/stm32f1xx_hal_gpio.o
                                                  build/i2c.o
                                                  build/adc.o
                                                  build/usart.o
HAL_GPIO_EXTI_Callback                            build/stm32f1xx_hal_gpio.o
HAL_GPIO_EXTI_IRQHandler                          build/stm32f1xx_hal_gpio.o
HAL_GPIO_Init                                     build/stm32f1xx_hal_gpio.o
                                                  build/tim.o
                                                  build/i2c.o
                                                  build/adc.o
                                                  build/usart.o
                                                  build/stm32f1xx_hal_rcc.o
                                                  build/gpio.o
HAL_GPIO_LockPin                                  build/stm32f1xx_hal_gpio.o
HAL_GPIO_ReadPin                                  build/stm32f1xx_hal_gpio.o
                                                  build/hc-sr04.o
HAL_GPIO_TogglePin                                build/stm32f1xx_hal_gpio.o
HAL_GPIO_WritePin                                 build/stm32f1xx_hal_gpio.o
                                                  build/hc-sr04.o
                                                  build/gpio.o
HAL_GetDEVID                                      build/stm32f1xx_hal.o
HAL_GetHalVersion                                 build/stm32f1xx_hal.o
HAL_GetREVID                                      build/stm32f1xx_hal.o
HAL_GetTick                                       build/stm32f1xx_hal.o
                                                  build/stm32f1xx_hal_i2c.o
                                                  build/stm32f1xx_hal_adc_ex.o
                                                  build/stm32f1xx_hal_adc.o
                                                  build/stm32f1xx_hal_uart.o
                                                  build/stm32f1xx_hal_flash.o
                                                  build/stm32f1xx_hal_dma.o
                                                  build/stm32f1xx_hal_rcc_ex.o